{
  "status": "SUBSTANTIAL_VARIANT_CORRECTIONS_TOPOLOGY_AND_SPARSE_INTEGRATION_WITHHELD",
  "finding_status": {
    "V01": "CORRECTED_IN_BOUNDED_MATRIX_DERIVATIVE_FRAME_AND_SPARSE_VALLEY_CHECKS",
    "V02": "PRODUCER_REPRODUCES_LABELS_BUT_LOOP_GEOMETRY_NOT_FULLY_MIRRORED",
    "V03": "DIAGNOSTICS_ADDED_ACCEPTANCE_GATES_STILL_MISSING",
    "V04": "REALITY_AND_SAMPLED_DEGENERACY_REJECTION_CORRECTED",
    "V05": "INTEGER_BAND_SELECTION_AND_RANGE_REJECTION_CORRECTED",
    "V06": "SIGNED_CLAIM_WITHDRAWN_REFERENCE_NOTE_NEEDS_PRECISION",
    "V07": "FRESH_SCAN_PRODUCER_REPRODUCED_NO_REFINEMENT_CERTIFICATE"
  },
  "supplied_tests_passed": 8,
  "matrix_rows": 18,
  "sparse_valley_samples": 6,
  "max_matrix_error_meV": 4.562664835702585e-13,
  "max_spectrum_error_meV": 4.689582056016661e-13,
  "max_derivative_error_meV": 1.634328175780355e-13,
  "max_frame_projector_error": 3.941291737419306e-15,
  "max_sparse_spectrum_error_meV": 7.270628543665225e-12,
  "scan": [
    {
      "N": 6,
      "theta_deg": 1.03,
      "alpha": 0.6045770231392581,
      "bandwidth_meV": 8.600103365501461,
      "records": 100,
      "reconstruction_error_meV": 0.0
    },
    {
      "N": 6,
      "theta_deg": 1.04,
      "alpha": 0.5987639398477465,
      "bandwidth_meV": 6.040283595896978,
      "records": 100,
      "reconstruction_error_meV": 0.0
    },
    {
      "N": 6,
      "theta_deg": 1.05,
      "alpha": 0.5930615834578031,
      "bandwidth_meV": 3.4581119509909093,
      "records": 100,
      "reconstruction_error_meV": 0.0
    },
    {
      "N": 6,
      "theta_deg": 1.06,
      "alpha": 0.5874668201891973,
      "bandwidth_meV": 0.8543653645577204,
      "records": 100,
      "reconstruction_error_meV": 0.0
    },
    {
      "N": 6,
      "theta_deg": 1.07,
      "alpha": 0.5819766334123601,
      "bandwidth_meV": 1.7702111269049552,
      "records": 100,
      "reconstruction_error_meV": 0.0
    },
    {
      "N": 6,
      "theta_deg": 1.08,
      "alpha": 0.5765881182247439,
      "bandwidth_meV": 4.414902919730904,
      "records": 100,
      "reconstruction_error_meV": 0.0
    },
    {
      "N": 6,
      "theta_deg": 1.09,
      "alpha": 0.5712984763257298,
      "bandwidth_meV": 7.079024451073259,
      "records": 100,
      "reconstruction_error_meV": 0.0
    },
    {
      "N": 6,
      "theta_deg": 1.1,
      "alpha": 0.5661050111710848,
      "bandwidth_meV": 9.76191787522328,
      "records": 100,
      "reconstruction_error_meV": 0.0
    },
    {
      "N": 8,
      "theta_deg": 1.03,
      "alpha": 0.6045770231392581,
      "bandwidth_meV": 8.600103365501367,
      "records": 100,
      "reconstruction_error_meV": 0.0
    },
    {
      "N": 8,
      "theta_deg": 1.04,
      "alpha": 0.5987639398477465,
      "bandwidth_meV": 6.040283595897231,
      "records": 100,
      "reconstruction_error_meV": 0.0
    },
    {
      "N": 8,
      "theta_deg": 1.05,
      "alpha": 0.5930615834578031,
      "bandwidth_meV": 3.458111950991047,
      "records": 100,
      "reconstruction_error_meV": 0.0
    },
    {
      "N": 8,
      "theta_deg": 1.06,
      "alpha": 0.5874668201891973,
      "bandwidth_meV": 0.8543653645576528,
      "records": 100,
      "reconstruction_error_meV": 0.0
    },
    {
      "N": 8,
      "theta_deg": 1.07,
      "alpha": 0.5819766334123601,
      "bandwidth_meV": 1.7702111269054088,
      "records": 100,
      "reconstruction_error_meV": 0.0
    },
    {
      "N": 8,
      "theta_deg": 1.08,
      "alpha": 0.5765881182247439,
      "bandwidth_meV": 4.414902919731601,
      "records": 100,
      "reconstruction_error_meV": 0.0
    },
    {
      "N": 8,
      "theta_deg": 1.09,
      "alpha": 0.5712984763257298,
      "bandwidth_meV": 7.079024451073389,
      "records": 100,
      "reconstruction_error_meV": 0.0
    },
    {
      "N": 8,
      "theta_deg": 1.1,
      "alpha": 0.5661050111710848,
      "bandwidth_meV": 9.761917875223858,
      "records": 100,
      "reconstruction_error_meV": 0.0
    }
  ],
  "scan_raw_spectra": 1600,
  "scan_max_reconstruction_error_meV": 0.0,
  "euler_gap_reconstruction": {
    "CHIRAL:17": {
      "model_id": 17,
      "rows": 540,
      "min_external_gap_meV": 101.83433290382145
    },
    "VALLEY:0": {
      "model_id": 0,
      "rows": 960,
      "min_external_gap_meV": 5.249125596333368
    },
    "VALLEY:1": {
      "model_id": 1,
      "rows": 960,
      "min_external_gap_meV": 5.284422113915598
    }
  },
  "replay_comparison": {
    "numeric_leaves": 213,
    "max_abs_numeric_difference": 4.440892098500626e-16,
    "differences_above_1e-8": []
  },
  "replayed_chiral_diagnostics": {
    "N": 6,
    "theta_deg": 1.06,
    "e2": -1.0,
    "orientation_closure": 0.9930375880529355,
    "min_polar_det": 0.9999999999999998,
    "min_overlap_singular_value": 0.9957034209671969,
    "max_sewing_loss": 0.0022690734908239474,
    "max_reality_residual": 1.1357822970629468e-13,
    "min_external_gap_meV": 101.83433290382145,
    "mesh": [
      18,
      30
    ],
    "lo": 253,
    "valley": 1
  },
  "replayed_valley_labels": {
    "braid_-0.25": {
      "K": "SAME",
      "Kprime_unmirrored_start": "SAME",
      "Kprime_fully_mirrored": "SAME"
    },
    "braid_-0.3": {
      "K": "OPPOSITE",
      "Kprime_unmirrored_start": "SAME",
      "Kprime_fully_mirrored": "OPPOSITE"
    }
  },
  "input_sha256": {
    "partner_v074p.zip": "be296d77d1051909d04fa91bcff0374bcd1d3f05f9783e6b3c37885f0188f163",
    "PLAN.json": "7dbb9dcbb632c6c60ca2011e11cbb6e17843ff1d806739f44dc7aec485fc3b8d",
    "PROBES.json": "807acca0f4b36e756a8075ea4f6df3a68ba076eed66dbbe6baf297f10894975a",
    "CHIRAL_EVALUATIONS.jsonl.gz": "cd4f9201055e3ac8d027fd88f4fe326ae4809f36f438fbe32a1a36bfb0e994ae",
    "VALLEY_EVALUATIONS.jsonl.gz": "e81baca2f67f4d8052d0ccd4a9f125288e48f7a612d5f5bae9e58f21e94bba15",
    "REPLAY_CHIRAL_CONTROL.json": "32e1bad7ea2d76967b614db9e94bec2d7489e21b50bc9e27aba99934106488c6",
    "REPLAY_VALLEY_MIRROR.json": "fc4cd15f7a5e9205f91bbc6b79005f2c137a54192873975be5df226bb3639986"
  },
  "limits": [
    "Finite sampled engine checks only.",
    "Diagnostic overlap/gap values are not enforced acceptance gates or continuous bounds.",
    "The synthetic inertia counterexample tests the kernel, not an accepted native sparse window.",
    "Raw ledger retains spectral values and matrix-state coordinates, not all eigenvectors.",
    "Producer wrappers share the supplied computations; this is reproduction and reconciliation, not independent physical validation."
  ]
}
