STATION bm 38.0 cases 6 pass True seconds 4.1
STATION bm 38.0625 cases 12 pass True seconds 7.8
STATION bm 38.125 cases 18 pass True seconds 11.7
STATION bm 38.1875 cases 24 pass True seconds 15.6
STATION bm 38.25 cases 30 pass True seconds 19.3
STATION bm 38.3125 cases 36 pass True seconds 22.9
STATION bm 38.375 cases 42 pass True seconds 26.6
STATION bm 38.4375 cases 48 pass True seconds 30.3
STATION bm 38.5 cases 54 pass True seconds 34.3
STATION bm 38.5625 cases 60 pass True seconds 38.0
STATION bm 38.625 cases 66 pass True seconds 42.1
STATION bm 38.6875 cases 72 pass True seconds 46.3
STATION bm 38.75 cases 78 pass True seconds 50.2
STATION bm 38.8125 cases 84 pass True seconds 54.3
STATION bm 38.875 cases 90 pass True seconds 58.4
STATION bm 38.9375 cases 96 pass True seconds 62.4
STATION bm 39.0 cases 102 pass True seconds 66.4
STRESS bm pre_fold_0 accepted True method newton reason converged gap 0.0
STRESS bm pre_fold_1 accepted True method newton reason converged gap 5.044853423896711e-13
STRESS bm post_fold_search accepted False method bounded_least_squares reason final_jacobian_rejected gap 0.0026313505350756827
STATION ref 38.0 cases 108 pass True seconds 4.1
STATION ref 38.0625 cases 114 pass True seconds 8.0
STATION ref 38.125 cases 120 pass True seconds 11.7
STATION ref 38.1875 cases 126 pass True seconds 15.6
STATION ref 38.25 cases 132 pass True seconds 19.7
STATION ref 38.3125 cases 138 pass True seconds 23.5
STATION ref 38.375 cases 144 pass True seconds 27.8
STATION ref 38.4375 cases 150 pass True seconds 31.7
STATION ref 38.5 cases 156 pass True seconds 35.7
STATION ref 38.5625 cases 162 pass True seconds 39.7
STATION ref 38.625 cases 168 pass True seconds 43.6
STATION ref 38.6875 cases 174 pass True seconds 47.3
STATION ref 38.75 cases 180 pass True seconds 51.1
STATION ref 38.8125 cases 186 pass True seconds 55.1
STATION ref 38.875 cases 192 pass True seconds 59.0
STATION ref 38.9375 cases 198 pass True seconds 63.0
STATION ref 39.0 cases 204 pass True seconds 67.1
STRESS ref pre_fold_0 accepted True method newton reason converged gap 0.0
STRESS ref pre_fold_1 accepted True method newton reason converged gap 4.973799150320701e-13
STRESS ref post_fold_search accepted False method bounded_least_squares reason final_jacobian_rejected gap 0.0026313505352391076
STATUS SAMPLED_SOLVER_EQUIVALENCE_PASS
