SWEEP 4 bm forward 40.0 roots 2 gaps [0.0, 4.050093593832571e-13]
SWEEP 4 bm forward 40.05 roots 2 gaps [0.0, 4.085620730620576e-13]
SWEEP 4 bm forward 40.1 roots 2 gaps [3.836930773104541e-13, 0.0]
SWEEP 4 bm forward 40.15 roots 2 gaps [0.0, 0.0]
SWEEP 4 bm forward 40.2 roots 2 gaps [0.0, 4.085620730620576e-13]
SWEEP 4 bm forward 40.25 roots 2 gaps [0.0, 4.014566457044566e-13]
SWEEP 4 bm forward 40.26 roots 2 gaps [0.0, 0.0]
SWEEP 4 bm forward 40.27 roots 2 gaps [0.0, 4.050093593832571e-13]
SWEEP 4 bm forward 40.28 roots 2 gaps [0.0, 0.0]
SWEEP 4 bm forward 40.29 roots 2 gaps [2.913225216616411e-13, 4.050093593832571e-13]
SWEEP 4 bm forward 40.3 roots 2 gaps [2.948752353404416e-13, 4.050093593832571e-13]
SWEEP 4 bm forward 40.31 roots 2 gaps [0.0, 0.0]
SWEEP 4 bm forward 40.32 roots 2 gaps [7.851497230149107e-13, 4.050093593832571e-13]
SWEEP 4 bm forward 40.33 roots 2 gaps [3.907985046680551e-13, 4.050093593832571e-13]
SWEEP 4 bm forward 40.34 roots 2 gaps [0.0, 4.050093593832571e-13]
SWEEP 4 bm forward 40.35 roots 0 gaps [0.001569542250948075, 0.001569542251296241]
SWEEP 4 bm forward 40.36 roots 0 gaps [0.0036319410533280916, 0.003631941052915977]
SWEEP 4 bm forward 40.37 roots 0 gaps [0.005694548882537731, 0.00569454888277221]
SWEEP 4 bm forward 40.38 roots 0 gaps [0.007757365656374304, 0.007757365656622994]
SWEEP 4 bm forward 40.39 roots 0 gaps [0.009820391291640362, 0.009820391291746944]
SWEEP 4 bm forward 40.4 roots 0 gaps [0.011883625704761869, 0.011883625704882661]
SWEEP 4 bm forward 40.41 roots 0 gaps [0.013947068813095598, 0.0139470688129677]
SWEEP 4 bm forward 40.42 roots 0 gaps [0.01601072053235697, 0.016010720532150913]
SWEEP 4 bm forward 40.43 roots 0 gaps [0.01807458077934143, 0.018074580779661176]
SWEEP 4 bm forward 40.44 roots 0 gaps [0.020138649471682868, 0.020138649471142855]
SWEEP 4 bm forward 40.45 roots 0 gaps [0.022202926524052202, 0.022202926524123257]
SWEEP 4 bm forward 40.5 roots 0 gaps [0.03252743427617588, 0.03252743427648852]
SWEEP 4 bm reverse 40.5 roots 0 gaps [0.032527434276467204, 0.03252743427617588]
SWEEP 4 bm reverse 40.45 roots 0 gaps [0.022202926523974043, 0.022202926523988253]
SWEEP 4 bm reverse 40.44 roots 0 gaps [0.020138649471050485, 0.02013864947154076]
SWEEP 4 bm reverse 40.43 roots 0 gaps [0.018074580779504856, 0.018074580779519067]
SWEEP 4 bm reverse 40.42 roots 0 gaps [0.01601072053237118, 0.016010720532051437]
SWEEP 4 bm reverse 40.41 roots 0 gaps [0.013947068812619534, 0.013947068812633745]
SWEEP 4 bm reverse 40.4 roots 0 gaps [0.01188362570479029, 0.011883625705323198]
SWEEP 4 bm reverse 40.39 roots 0 gaps [0.009820391292315378, 0.009820391291590624]
SWEEP 4 bm reverse 40.38 roots 0 gaps [0.007757365656431148, 0.007757365656487991]
SWEEP 4 bm reverse 40.37 roots 0 gaps [0.005694548882630102, 0.005694548882701156]
SWEEP 4 bm reverse 40.36 roots 0 gaps [0.0036319410530154528, 0.003631941052937293]
SWEEP 4 bm reverse 40.35 roots 0 gaps [0.00156954225128203, 0.0015695422507917556]
SWEEP 4 bm reverse 40.34 roots 2 gaps [3.979039320256561e-13, 3.979039320256561e-13]
SWEEP 4 bm reverse 40.33 roots 2 gaps [3.907985046680551e-13, 0.0]
SWEEP 4 bm reverse 40.32 roots 2 gaps [3.943512183468556e-13, 4.050093593832571e-13]
SWEEP 4 bm reverse 40.31 roots 2 gaps [3.907985046680551e-13, 4.014566457044566e-13]
SWEEP 4 bm reverse 40.3 roots 2 gaps [0.0, 0.0]
SWEEP 4 bm reverse 40.29 roots 2 gaps [2.913225216616411e-13, 8.064660050877137e-13]
SWEEP 4 bm reverse 40.28 roots 2 gaps [2.877698079828406e-13, 0.0]
SWEEP 4 bm reverse 40.27 roots 2 gaps [2.877698079828406e-13, 4.050093593832571e-13]
SWEEP 4 bm reverse 40.26 roots 2 gaps [1.2008172234345693e-12, 0.0]
SWEEP 4 bm reverse 40.25 roots 2 gaps [4.831690603168681e-13, 0.0]
SWEEP 4 bm reverse 40.2 roots 2 gaps [0.0, 4.050093593832571e-13]
SWEEP 4 bm reverse 40.15 roots 2 gaps [3.836930773104541e-13, 0.0]
SWEEP 4 bm reverse 40.1 roots 2 gaps [3.836930773104541e-13, 4.050093593832571e-13]
SWEEP 4 bm reverse 40.05 roots 2 gaps [3.836930773104541e-13, 0.0]
SWEEP 4 bm reverse 40.0 roots 2 gaps [0.0, 4.085620730620576e-13]
FOLD 4 bm 1e-05 40.34238904516553 2.4300561562995426e-11 True
FOLD 4 bm 5e-06 40.342389045283255 0.0 True
FOLD 4 bm 2.5e-06 40.342389045283255 3.979039320256561e-13 True
MINIMUM 4 bm 40.35238904528325 [0.002062239655913345, 0.0020622396559701883, 0.0020622396559275558]
MINIMUM 4 bm 40.39238904528325 [0.010313288358098305, 0.01031328835802725, 0.010313288358020145]
MINIMUM 4 bm 40.5 [0.03252743427608351, 0.032527434276062195, 0.0325274342762043]
COMPLETE 4 bm seconds 22.654988050460815
SWEEP 4 ref forward 40.0 roots 2 gaps [3.765876499528531e-13, 0.0]
SWEEP 4 ref forward 40.05 roots 2 gaps [3.836930773104541e-13, 0.0]
SWEEP 4 ref forward 40.1 roots 2 gaps [3.836930773104541e-13, 8.135714324453147e-13]
SWEEP 4 ref forward 40.15 roots 2 gaps [3.907985046680551e-13, 0.0]
SWEEP 4 ref forward 40.2 roots 2 gaps [7.744915819785092e-13, 0.0]
SWEEP 4 ref forward 40.25 roots 2 gaps [0.0, 4.050093593832571e-13]
SWEEP 4 ref forward 40.26 roots 2 gaps [7.247535904753022e-13, 0.0]
SWEEP 4 ref forward 40.27 roots 2 gaps [2.877698079828406e-13, 0.0]
SWEEP 4 ref forward 40.28 roots 2 gaps [2.913225216616411e-13, 4.014566457044566e-13]
SWEEP 4 ref forward 40.29 roots 2 gaps [2.913225216616411e-13, 0.0]
SWEEP 4 ref forward 40.3 roots 2 gaps [2.913225216616411e-13, 0.0]
SWEEP 4 ref forward 40.31 roots 2 gaps [0.0, 0.0]
SWEEP 4 ref forward 40.32 roots 2 gaps [7.851497230149107e-13, 0.0]
SWEEP 4 ref forward 40.33 roots 2 gaps [0.0, 3.979039320256561e-13]
SWEEP 4 ref forward 40.34 roots 2 gaps [3.979039320256561e-13, 3.979039320256561e-13]
SWEEP 4 ref forward 40.35 roots 0 gaps [0.0015695422513246626, 0.0015695422511896595]
SWEEP 4 ref forward 40.36 roots 0 gaps [0.003631941053200194, 0.0036319410533778296]
SWEEP 4 ref forward 40.37 roots 0 gaps [0.005694548882836159, 0.005694548882750894]
SWEEP 4 ref forward 40.38 roots 0 gaps [0.007757365656786419, 0.007757365656850368]
SWEEP 4 ref forward 40.39 roots 0 gaps [0.009820391291718522, 0.009820391292088004]
SWEEP 4 ref forward 40.4 roots 0 gaps [0.011883625704932399, 0.01188362570578505]
SWEEP 4 ref forward 40.41 roots 0 gaps [0.013947068812996122, 0.01394706881288954]
SWEEP 4 ref forward 40.42 roots 0 gaps [0.01601072053242092, 0.016010720532314338]
SWEEP 4 ref forward 40.43 roots 0 gaps [0.018074580779583016, 0.018074580779867233]
SWEEP 4 ref forward 40.44 roots 0 gaps [0.02013864947132049, 0.020138649471128645]
SWEEP 4 ref forward 40.45 roots 0 gaps [0.02220292652435063, 0.022202926524499844]
SWEEP 4 ref forward 40.5 roots 0 gaps [0.03252743427693616, 0.03252743427673721]
SWEEP 4 ref reverse 40.5 roots 0 gaps [0.03252743427675853, 0.03252743427639615]
SWEEP 4 ref reverse 40.45 roots 0 gaps [0.02220292652402378, 0.02220292652441458]
SWEEP 4 ref reverse 40.44 roots 0 gaps [0.020138649471327597, 0.02013864947132049]
SWEEP 4 ref reverse 40.43 roots 0 gaps [0.018074580779675387, 0.018074580779348537]
SWEEP 4 ref reverse 40.42 roots 0 gaps [0.016010720532129596, 0.01601072053221486]
SWEEP 4 ref reverse 40.41 roots 0 gaps [0.01394706881306007, 0.013947068813010333]
SWEEP 4 ref reverse 40.4 roots 0 gaps [0.011883625705138456, 0.011883625705252143]
SWEEP 4 ref reverse 40.39 roots 0 gaps [0.009820391291775366, 0.009820391292578279]
SWEEP 4 ref reverse 40.38 roots 0 gaps [0.007757365656857473, 0.007757365657084847]
SWEEP 4 ref reverse 40.37 roots 0 gaps [0.005694548882608785, 0.005694548882964057]
SWEEP 4 ref reverse 40.36 roots 0 gaps [0.003631941053399146, 0.0036319410538894203]
SWEEP 4 ref reverse 40.35 roots 0 gaps [0.0015695422512393975, 0.0015695422515662472]
SWEEP 4 ref reverse 40.34 roots 2 gaps [3.979039320256561e-13, 3.979039320256561e-13]
SWEEP 4 ref reverse 40.33 roots 2 gaps [0.0, 3.979039320256561e-13]
SWEEP 4 ref reverse 40.32 roots 2 gaps [0.0, 0.0]
SWEEP 4 ref reverse 40.31 roots 2 gaps [3.907985046680551e-13, 4.014566457044566e-13]
SWEEP 4 ref reverse 40.3 roots 2 gaps [0.0, 4.050093593832571e-13]
SWEEP 4 ref reverse 40.29 roots 2 gaps [2.913225216616411e-13, 4.050093593832571e-13]
SWEEP 4 ref reverse 40.28 roots 2 gaps [2.877698079828406e-13, 4.014566457044566e-13]
SWEEP 4 ref reverse 40.27 roots 2 gaps [0.0, 0.0]
SWEEP 4 ref reverse 40.26 roots 2 gaps [7.176481631177012e-13, 4.014566457044566e-13]
SWEEP 4 ref reverse 40.25 roots 2 gaps [9.592326932761353e-13, 4.050093593832571e-13]
SWEEP 4 ref reverse 40.2 roots 2 gaps [0.0, 4.050093593832571e-13]
SWEEP 4 ref reverse 40.15 roots 2 gaps [3.907985046680551e-13, 0.0]
SWEEP 4 ref reverse 40.1 roots 2 gaps [0.0, 4.050093593832571e-13]
SWEEP 4 ref reverse 40.05 roots 2 gaps [7.602807272633072e-13, 0.0]
SWEEP 4 ref reverse 40.0 roots 2 gaps [3.836930773104541e-13, 0.0]
FOLD 4 ref 1e-05 40.34238904528331 3.979039320256561e-13 True
FOLD 4 ref 5e-06 40.34238904528168 0.0 True
FOLD 4 ref 2.5e-06 40.34238904528168 0.0 True
MINIMUM 4 ref 40.352389045281676 [0.002062239655934661, 0.002062239655785447, 0.0020622396557428146]
MINIMUM 4 ref 40.392389045281675 [0.010313288357885142, 0.010313288357863826, 0.010313288358062778]
MINIMUM 4 ref 40.5 [0.032527434276481415, 0.0325274342765951, 0.03252743427636773]
COMPLETE 4 ref seconds 25.037987232208252
