SWEEP 6 bm forward 40.0 roots 2 gaps [0.0, 5.186961971048731e-13]
SWEEP 6 bm forward 40.05 roots 2 gaps [5.258016244624741e-13, 0.0]
SWEEP 6 bm forward 40.1 roots 2 gaps [5.258016244624741e-13, 5.258016244624741e-13]
SWEEP 6 bm forward 40.15 roots 2 gaps [0.0, 5.186961971048731e-13]
SWEEP 6 bm forward 40.2 roots 2 gaps [5.258016244624741e-13, 5.186961971048731e-13]
SWEEP 6 bm forward 40.25 roots 2 gaps [0.0, 5.258016244624741e-13]
SWEEP 6 bm forward 40.26 roots 2 gaps [1.0516032489249483e-12, 5.258016244624741e-13]
SWEEP 6 bm forward 40.27 roots 2 gaps [0.0, 0.0]
SWEEP 6 bm forward 40.28 roots 2 gaps [7.887024366937112e-13, 5.186961971048731e-13]
SWEEP 6 bm forward 40.29 roots 2 gaps [0.0, 0.0]
SWEEP 6 bm forward 40.3 roots 2 gaps [7.887024366937112e-13, 5.186961971048731e-13]
SWEEP 6 bm forward 40.31 roots 2 gaps [0.0, 5.258016244624741e-13]
SWEEP 6 bm forward 40.32 roots 2 gaps [3.907985046680551e-13, 0.0]
SWEEP 6 bm forward 40.33 roots 2 gaps [3.979039320256561e-13, 5.186961971048731e-13]
SWEEP 6 bm forward 40.34 roots 2 gaps [0.0, 5.186961971048731e-13]
SWEEP 6 bm forward 40.35 roots 2 gaps [0.0, 5.258016244624741e-13]
SWEEP 6 bm forward 40.36 roots 2 gaps [3.907985046680551e-13, 5.258016244624741e-13]
SWEEP 6 bm forward 40.37 roots 2 gaps [3.979039320256561e-13, 5.258016244624741e-13]
SWEEP 6 bm forward 40.38 roots 2 gaps [3.943512183468556e-13, 5.258016244624741e-13]
SWEEP 6 bm forward 40.39 roots 0 gaps [0.0005699284795852577, 0.0005699284797486825]
SWEEP 6 bm forward 40.4 roots 0 gaps [0.0026283604872645583, 0.002628360487257453]
SWEEP 6 bm forward 40.41 roots 0 gaps [0.004687002421533748, 0.004687002421569275]
SWEEP 6 bm forward 40.42 roots 0 gaps [0.006745854200794099, 0.006745854200737256]
SWEEP 6 bm forward 40.43 roots 0 gaps [0.008804915742523178, 0.008804915742409491]
SWEEP 6 bm forward 40.44 roots 0 gaps [0.010864186964319344, 0.010864186964383293]
SWEEP 6 bm forward 40.45 roots 0 gaps [0.012923667784313864, 0.012923667784196624]
SWEEP 6 bm forward 40.5 roots 0 gaps [0.023224212963405932, 0.023224212964052526]
SWEEP 6 bm reverse 40.5 roots 0 gaps [0.02322421296354449, 0.023224212963590674]
SWEEP 6 bm reverse 40.45 roots 0 gaps [0.012923667783972803, 0.012923667784502157]
SWEEP 6 bm reverse 40.44 roots 0 gaps [0.010864186964298028, 0.010864186964479217]
SWEEP 6 bm reverse 40.43 roots 0 gaps [0.008804915742338437, 0.008804915742452124]
SWEEP 6 bm reverse 40.42 roots 0 gaps [0.00674585420080831, 0.006745854200858048]
SWEEP 6 bm reverse 40.41 roots 0 gaps [0.004687002421505326, 0.004687002421299269]
SWEEP 6 bm reverse 40.4 roots 0 gaps [0.002628360486994552, 0.002628360487079817]
SWEEP 6 bm reverse 40.39 roots 0 gaps [0.000569928479855264, 0.0005699284796918391]
SWEEP 6 bm reverse 40.38 roots 2 gaps [0.0, 5.258016244624741e-13]
SWEEP 6 bm reverse 40.37 roots 2 gaps [3.9399594697897555e-12, 5.258016244624741e-13]
SWEEP 6 bm reverse 40.36 roots 2 gaps [3.943512183468556e-13, 0.0]
SWEEP 6 bm reverse 40.35 roots 2 gaps [3.943512183468556e-13, 0.0]
SWEEP 6 bm reverse 40.34 roots 2 gaps [0.0, 5.258016244624741e-13]
SWEEP 6 bm reverse 40.33 roots 2 gaps [3.943512183468556e-13, 0.0]
SWEEP 6 bm reverse 40.32 roots 2 gaps [3.979039320256561e-13, 5.258016244624741e-13]
SWEEP 6 bm reverse 40.31 roots 2 gaps [3.907985046680551e-13, 0.0]
SWEEP 6 bm reverse 40.3 roots 2 gaps [3.979039320256561e-13, 5.258016244624741e-13]
SWEEP 6 bm reverse 40.29 roots 2 gaps [0.0, 5.186961971048731e-13]
SWEEP 6 bm reverse 40.28 roots 2 gaps [7.887024366937112e-13, 0.0]
SWEEP 6 bm reverse 40.27 roots 2 gaps [3.979039320256561e-13, 5.258016244624741e-13]
SWEEP 6 bm reverse 40.26 roots 2 gaps [0.0, 0.0]
SWEEP 6 bm reverse 40.25 roots 2 gaps [0.0, 0.0]
SWEEP 6 bm reverse 40.2 roots 2 gaps [0.0, 5.186961971048731e-13]
SWEEP 6 bm reverse 40.15 roots 2 gaps [5.258016244624741e-13, 5.258016244624741e-13]
SWEEP 6 bm reverse 40.1 roots 2 gaps [0.0, 0.0]
SWEEP 6 bm reverse 40.05 roots 2 gaps [0.0, 5.186961971048731e-13]
SWEEP 6 bm reverse 40.0 roots 2 gaps [0.0, 5.186961971048731e-13]
FOLD 6 bm 1e-05 40.38723106908548 5.258016244624741e-13 True
FOLD 6 bm 5e-06 40.387231069083086 5.258016244624741e-13 True
FOLD 6 bm 2.5e-06 40.387231069083086 5.258016244624741e-13 True
MINIMUM 6 bm 40.397231069083084 [0.0020583738651041017, 0.0020583738645640892, 0.002058373864727514]
MINIMUM 6 bm 40.43723106908308 [0.010293968002308418, 0.010293968002208942, 0.01029396800233684]
MINIMUM 6 bm 40.5 [0.023224212963135926, 0.023224212963043556, 0.023224212963228297]
COMPLETE 6 bm seconds 90.31360697746277
SWEEP 6 ref forward 40.0 roots 2 gaps [0.0, 0.0]
SWEEP 6 ref forward 40.05 roots 2 gaps [5.258016244624741e-13, 0.0]
SWEEP 6 ref forward 40.1 roots 2 gaps [0.0, 0.0]
SWEEP 6 ref forward 40.15 roots 2 gaps [0.0, 5.258016244624741e-13]
SWEEP 6 ref forward 40.2 roots 2 gaps [5.258016244624741e-13, 5.186961971048731e-13]
SWEEP 6 ref forward 40.25 roots 2 gaps [5.329070518200751e-13, 5.258016244624741e-13]
SWEEP 6 ref forward 40.26 roots 2 gaps [5.258016244624741e-13, 5.258016244624741e-13]
SWEEP 6 ref forward 40.27 roots 2 gaps [3.979039320256561e-13, 5.258016244624741e-13]
SWEEP 6 ref forward 40.28 roots 2 gaps [3.979039320256561e-13, 5.186961971048731e-13]
SWEEP 6 ref forward 40.29 roots 2 gaps [3.907985046680551e-13, 0.0]
SWEEP 6 ref forward 40.3 roots 2 gaps [0.0, 5.186961971048731e-13]
SWEEP 6 ref forward 40.31 roots 2 gaps [0.0, 0.0]
SWEEP 6 ref forward 40.32 roots 2 gaps [0.0, 5.258016244624741e-13]
SWEEP 6 ref forward 40.33 roots 2 gaps [0.0, 5.258016244624741e-13]
SWEEP 6 ref forward 40.34 roots 2 gaps [3.907985046680551e-13, 5.258016244624741e-13]
SWEEP 6 ref forward 40.35 roots 2 gaps [3.907985046680551e-13, 5.258016244624741e-13]
SWEEP 6 ref forward 40.36 roots 2 gaps [3.943512183468556e-13, 0.0]
SWEEP 6 ref forward 40.37 roots 2 gaps [3.979039320256561e-13, 0.0]
SWEEP 6 ref forward 40.38 roots 2 gaps [3.907985046680551e-13, 0.0]
SWEEP 6 ref forward 40.39 roots 0 gaps [0.0005699284800115834, 0.0005699284799760562]
SWEEP 6 ref forward 40.4 roots 0 gaps [0.002628360487776149, 0.0026283604872716637]
SWEEP 6 ref forward 40.41 roots 0 gaps [0.00468700242165454, 0.004687002421604802]
SWEEP 6 ref forward 40.42 roots 0 gaps [0.006745854200694623, 0.006745854200971735]
SWEEP 6 ref forward 40.43 roots 0 gaps [0.00880491574280029, 0.008804915742963715]
SWEEP 6 ref forward 40.44 roots 0 gaps [0.010864186964859357, 0.01086418696458935]
SWEEP 6 ref forward 40.45 roots 0 gaps [0.012923667784512816, 0.012923667784377812]
SWEEP 6 ref forward 40.5 roots 0 gaps [0.023224212963633306, 0.023224212963629753]
SWEEP 6 ref reverse 40.5 roots 0 gaps [0.023224212963761204, 0.023224212963501856]
SWEEP 6 ref reverse 40.45 roots 0 gaps [0.01292366778438847, 0.01292366778459808]
SWEEP 6 ref reverse 40.44 roots 0 gaps [0.010864186964621325, 0.010864186964688827]
SWEEP 6 ref reverse 40.43 roots 0 gaps [0.008804915742608443, 0.008804915742757657]
SWEEP 6 ref reverse 40.42 roots 0 gaps [0.006745854200865153, 0.006745854200758572]
SWEEP 6 ref reverse 40.41 roots 0 gaps [0.004687002422009812, 0.004687002421881914]
SWEEP 6 ref reverse 40.4 roots 0 gaps [0.0026283604874492994, 0.002628360487626935]
SWEEP 6 ref reverse 40.39 roots 0 gaps [0.0005699284799902671, 0.0005699284802602733]
SWEEP 6 ref reverse 40.38 roots 2 gaps [0.0, 5.186961971048731e-13]
SWEEP 6 ref reverse 40.37 roots 2 gaps [3.5456082514429e-12, 5.258016244624741e-13]
SWEEP 6 ref reverse 40.36 roots 2 gaps [3.907985046680551e-13, 0.0]
SWEEP 6 ref reverse 40.35 roots 2 gaps [3.979039320256561e-13, 5.258016244624741e-13]
SWEEP 6 ref reverse 40.34 roots 2 gaps [0.0, 5.258016244624741e-13]
SWEEP 6 ref reverse 40.33 roots 2 gaps [3.943512183468556e-13, 5.258016244624741e-13]
SWEEP 6 ref reverse 40.32 roots 2 gaps [0.0, 5.186961971048731e-13]
SWEEP 6 ref reverse 40.31 roots 2 gaps [3.979039320256561e-13, 0.0]
SWEEP 6 ref reverse 40.3 roots 2 gaps [7.887024366937112e-13, 5.258016244624741e-13]
SWEEP 6 ref reverse 40.29 roots 2 gaps [3.979039320256561e-13, 5.186961971048731e-13]
SWEEP 6 ref reverse 40.28 roots 2 gaps [0.0, 0.0]
SWEEP 6 ref reverse 40.27 roots 2 gaps [0.0, 5.186961971048731e-13]
SWEEP 6 ref reverse 40.26 roots 2 gaps [5.258016244624741e-13, 1.0444978215673473e-12]
SWEEP 6 ref reverse 40.25 roots 2 gaps [0.0, 0.0]
SWEEP 6 ref reverse 40.2 roots 2 gaps [5.258016244624741e-13, 0.0]
SWEEP 6 ref reverse 40.15 roots 2 gaps [5.329070518200751e-13, 0.0]
SWEEP 6 ref reverse 40.1 roots 2 gaps [5.329070518200751e-13, 0.0]
SWEEP 6 ref reverse 40.05 roots 2 gaps [0.0, 0.0]
SWEEP 6 ref reverse 40.0 roots 2 gaps [5.258016244624741e-13, 0.0]
FOLD 6 ref 1e-05 40.38723106908564 5.258016244624741e-13 True
FOLD 6 ref 5e-06 40.387231069084656 5.258016244624741e-13 True
FOLD 6 ref 2.5e-06 40.387231069084656 5.258016244624741e-13 True
MINIMUM 6 ref 40.397231069084654 [0.002058373865224894, 0.0020583738651183126, 0.002058373865260421]
MINIMUM 6 ref 40.43723106908465 [0.010293968003033171, 0.010293968002791587, 0.010293968002880405]
MINIMUM 6 ref 40.5 [0.023224212963452118, 0.02322421296325672, 0.023224212963462776]
COMPLETE 6 ref seconds 88.14932703971863
