RECONSTRUCT 1 of 150
RECONSTRUCT 33 of 150
RECONSTRUCT 65 of 150
RECONSTRUCT 97 of 150
RECONSTRUCT 129 of 150
RECONCILED_CONDITIONAL_EVENT_BRANCH_PASS
centers 150
controls 9
attempted_cells 232
accepted_leaves 128
failed_parents 104
unresolved_cells_or_joins 0
point_certificates 132
endpoint_joins 256
max_native_matrix_error_meV 4.092726157978177e-12
max_native_gap_meV 9.965361869035405e-11
max_engine_D_difference_meV 4.419575816427823e-12
max_reconstruction_discrepancy 0.0
{'engine': 'bm', 'mesh': 4, 'leaves': 32, 'passed': True, 'endpoint_enclosures': [{'strain': 0.007, 'D_enclosure_meV': [38.077896218192734, 38.077899318438], 'center': 'bm_60'}, {'strain': 0.0071, 'D_enclosure_meV': [38.82262721689933, 38.82263055194944], 'center': 'bm_64'}]}
{'engine': 'bm', 'mesh': 8, 'leaves': 32, 'passed': True, 'endpoint_enclosures': [{'strain': 0.007, 'D_enclosure_meV': [38.077896218192734, 38.077899318438], 'center': 'bm_60'}, {'strain': 0.0071, 'D_enclosure_meV': [38.82262721689933, 38.82263055194944], 'center': 'bm_64'}]}
{'engine': 'ref', 'mesh': 4, 'leaves': 32, 'passed': True, 'endpoint_enclosures': [{'strain': 0.007, 'D_enclosure_meV': [38.077896217620555, 38.077899319010946], 'center': 'ref_60'}, {'strain': 0.0071, 'D_enclosure_meV': [38.82262731644335, 38.82263045240472], 'center': 'ref_64'}]}
{'engine': 'ref', 'mesh': 8, 'leaves': 32, 'passed': True, 'endpoint_enclosures': [{'strain': 0.007, 'D_enclosure_meV': [38.077896217620555, 38.077899319010946], 'center': 'ref_60'}, {'strain': 0.0071, 'D_enclosure_meV': [38.82262731644335, 38.82263045240472], 'center': 'ref_64'}]}
