CENTER bm 8 seconds 12.6
CENTER bm 16 seconds 24.8
CENTER bm 24 seconds 36.7
CENTER bm 32 seconds 49.6
CENTER bm 40 seconds 62.2
CENTER bm 48 seconds 74.9
CENTER bm 56 seconds 87.3
CENTER bm 64 seconds 100.6
CAMPAIGN bm 4 leaves 32 pass True seconds 102.0
CENTER bm 72 seconds 117.4
CAMPAIGN bm 8 leaves 32 pass True seconds 126.1
CENTER ref 8 seconds 138.5
CENTER ref 16 seconds 150.7
CENTER ref 24 seconds 162.0
CENTER ref 32 seconds 174.7
CENTER ref 40 seconds 186.2
CENTER ref 48 seconds 199.0
CENTER ref 56 seconds 210.8
CENTER ref 64 seconds 225.1
CAMPAIGN ref 4 leaves 32 pass True seconds 226.4
CENTER ref 72 seconds 246.2
CAMPAIGN ref 8 leaves 32 pass True seconds 258.4
STATUS CONDITIONAL_FIXED_BASIS_EVENT_BRANCH_PASS
