PASS retained_basis_size
PASS partial_isometry_v1_a0
PASS nonunitary_v1_a0
PASS reverse_shift_v1_a0
PASS real_basis_v1_a0
PASS partial_isometry_v1_a1
PASS nonunitary_v1_a1
PASS reverse_shift_v1_a1
PASS real_basis_v1_a1
PASS corner_path_identity_v1
PASS partial_isometry_v-1_a0
PASS nonunitary_v-1_a0
PASS reverse_shift_v-1_a0
PASS real_basis_v-1_a0
PASS partial_isometry_v-1_a1
PASS nonunitary_v-1_a1
PASS reverse_shift_v-1_a1
PASS real_basis_v-1_a1
PASS corner_path_identity_v-1
PASS identity_gate
PASS identity_decomposition
PASS identity_bounds
PASS identity_fit_bound
PASS identity_angle
PASS pure_norm_loss_gate
PASS pure_norm_loss_decomposition
PASS pure_norm_loss_bounds
PASS pure_norm_loss_fit_bound
PASS pure_norm_loss_angle
PASS pure_subspace_mismatch_gate
PASS pure_subspace_mismatch_decomposition
PASS pure_subspace_mismatch_bounds
PASS pure_subspace_mismatch_fit_bound
PASS pure_subspace_mismatch_angle
PASS identical_gate_distinct_mechanisms
PASS excess_norm_loss_gate
PASS excess_norm_loss_decomposition
PASS excess_norm_loss_bounds
PASS phase_0.6_gate
PASS phase_0.6_decomposition
PASS phase_0.6_bounds
PASS phase_0.6_fit_bound
PASS phase_0.6_angle
PASS phase_loss_zero_0.6
PASS phase_1.4_gate
PASS phase_1.4_decomposition
PASS phase_1.4_bounds
PASS phase_1.4_fit_bound
PASS phase_1.4_angle
PASS phase_loss_zero_1.4
PASS phase_2.4_gate
PASS phase_2.4_decomposition
PASS phase_2.4_bounds
PASS phase_2.4_fit_bound
PASS phase_2.4_angle
PASS phase_loss_zero_2.4
PASS corner_left_to_right_bottom_gate
PASS corner_left_to_right_bottom_decomposition
PASS corner_left_to_right_bottom_bounds
PASS corner_left_to_right_bottom_fit_bound
PASS corner_bottom_to_top_left_gate
PASS corner_bottom_to_top_left_decomposition
PASS corner_bottom_to_top_left_bounds
PASS corner_bottom_to_top_left_fit_bound
PASS corner_bottom_to_top_right_gate
PASS corner_bottom_to_top_right_decomposition
PASS corner_bottom_to_top_right_bounds
PASS corner_bottom_to_top_right_fit_bound
PASS corner_left_to_right_top_gate
PASS corner_left_to_right_top_decomposition
PASS corner_left_to_right_top_bounds
PASS corner_left_to_right_top_fit_bound
PASS local_gates_do_not_impose_corner_cocycle
PASS sizing_[0.0, 0.0]
PASS sizing_[0.23, -0.17]
PASS sizing_[0.4, 0.2]
76/76 checks; overall=True
