pair_B-0.25_r0.012_n96_t300_v1 PASSED_SAMPLED_GATES SAME
pair_B-0.25_r0.012_n96_t300_v-1 PASSED_SAMPLED_GATES SAME
pair_B-0.25_r0.012_n192_t600_v1 PASSED_SAMPLED_GATES SAME
pair_B-0.25_r0.012_n192_t600_v-1 PASSED_SAMPLED_GATES SAME
pair_B-0.25_r0.008_n96_t300_v1 PASSED_SAMPLED_GATES SAME
pair_B-0.25_r0.008_n96_t300_v-1 PASSED_SAMPLED_GATES SAME
pair_B-0.25_r0.008_n192_t600_v1 PASSED_SAMPLED_GATES SAME
pair_B-0.25_r0.008_n192_t600_v-1 PASSED_SAMPLED_GATES SAME
pair_B-0.3_r0.012_n96_t300_v1 PASSED_SAMPLED_GATES OPPOSITE
pair_B-0.3_r0.012_n96_t300_v-1 PASSED_SAMPLED_GATES OPPOSITE
pair_B-0.3_r0.012_n192_t600_v1 PASSED_SAMPLED_GATES OPPOSITE
pair_B-0.3_r0.012_n192_t600_v-1 PASSED_SAMPLED_GATES OPPOSITE
pair_B-0.3_r0.008_n96_t300_v1 PASSED_SAMPLED_GATES OPPOSITE
pair_B-0.3_r0.008_n96_t300_v-1 PASSED_SAMPLED_GATES OPPOSITE
pair_B-0.3_r0.008_n192_t600_v1 PASSED_SAMPLED_GATES OPPOSITE
pair_B-0.3_r0.008_n192_t600_v-1 PASSED_SAMPLED_GATES OPPOSITE
wilson_baseline_v1_24x40 PASSED_SAMPLED_GATES -1.0000515934446719
wilson_baseline_v1_48x80 PASSED_SAMPLED_GATES -1.0000514895264316
wilson_baseline_v-1_24x40 PASSED_SAMPLED_GATES 0.9995203077478295
wilson_baseline_v-1_48x80 PASSED_SAMPLED_GATES 0.9995203474572929
wilson_chiral_18x30 PASSED_SAMPLED_GATES -1.0000000000000002
wilson_chiral_36x60 PASSED_SAMPLED_GATES -1.0
sign_endpoint_v1_flat1_a0_n80 PASSED_SAMPLED_GATES -1
sign_endpoint_v1_flat1_a0_n160 PASSED_SAMPLED_GATES -1
sign_endpoint_v1_flat1_a1_n80 PASSED_SAMPLED_GATES 1
sign_endpoint_v1_flat1_a1_n160 PASSED_SAMPLED_GATES 1
sign_endpoint_v1_flat2_a0_n80 PASSED_SAMPLED_GATES 1
sign_endpoint_v1_flat2_a0_n160 PASSED_SAMPLED_GATES 1
sign_endpoint_v1_flat2_a1_n80 PASSED_SAMPLED_GATES 1
sign_endpoint_v1_flat2_a1_n160 PASSED_SAMPLED_GATES 1
sign_endpoint_v-1_flat1_a0_n80 PASSED_SAMPLED_GATES -1
sign_endpoint_v-1_flat1_a0_n160 PASSED_SAMPLED_GATES -1
sign_endpoint_v-1_flat1_a1_n80 PASSED_SAMPLED_GATES 1
sign_endpoint_v-1_flat1_a1_n160 PASSED_SAMPLED_GATES 1
sign_endpoint_v-1_flat2_a0_n80 PASSED_SAMPLED_GATES 1
sign_endpoint_v-1_flat2_a0_n160 PASSED_SAMPLED_GATES 1
sign_endpoint_v-1_flat2_a1_n80 PASSED_SAMPLED_GATES 1
sign_endpoint_v-1_flat2_a1_n160 PASSED_SAMPLED_GATES 1
sparse_v1_f[0.31, 0.27]_sigma0.0 ACCEPTED_DENSE_CHECKED 
sparse_v1_f[0.31, 0.27]_sigma100.0 ACCEPTED_DENSE_CHECKED 
sparse_v1_f[0.11, 0.43]_sigma0.0 ACCEPTED_DENSE_CHECKED 
sparse_v1_f[0.11, 0.43]_sigma100.0 ACCEPTED_DENSE_CHECKED 
sparse_v1_f[-0.31, -0.27]_sigma0.0 ACCEPTED_DENSE_CHECKED 
sparse_v1_f[-0.31, -0.27]_sigma100.0 ACCEPTED_DENSE_CHECKED 
sparse_v-1_f[0.31, 0.27]_sigma0.0 ACCEPTED_DENSE_CHECKED 
sparse_v-1_f[0.31, 0.27]_sigma100.0 ACCEPTED_DENSE_CHECKED 
sparse_v-1_f[0.11, 0.43]_sigma0.0 ACCEPTED_DENSE_CHECKED 
sparse_v-1_f[0.11, 0.43]_sigma100.0 ACCEPTED_DENSE_CHECKED 
sparse_v-1_f[-0.31, -0.27]_sigma0.0 ACCEPTED_DENSE_CHECKED 
sparse_v-1_f[-0.31, -0.27]_sigma100.0 ACCEPTED_DENSE_CHECKED 
