{
  "controls": 6,
  "passing": 6,
  "retired_inertia_counterexample": {
    "matrix": [
      [
        0.0,
        1.0
      ],
      [
        1.0,
        0.0
      ]
    ],
    "eigenvalues": [
      -1.0,
      1.0
    ],
    "signed_U_diagonal_count": 0,
    "U_diagonal": [
      1.0,
      1.0
    ],
    "row_permutation": [
      1,
      0
    ],
    "column_permutation": [
      0,
      1
    ],
    "replacement_policy": "No inertia assertion; native dense ordered comparison is mandatory for accepted windows"
  }
}
