{
  "linter_findings": 6,
  "missed_fixture_violations": [
    "unbound_two_digit",
    "wrong_two_digit",
    "wrong_field_same_record",
    "missing_record",
    "backtick_as_evidence",
    "year_prefix_measurement",
    "tiny_value_drift"
  ],
  "generator_unchanged": true,
  "forced_failure_exit": 0,
  "topology_status": {
    "enforced_gap": "REJECTED",
    "highest_pair_gap_fixed": "RETURNED",
    "fractional_wilson_index": "REJECTED",
    "zero_pair_link_refusal": "REJECTED",
    "smooth_band_zero_link_refusal": "REJECTED",
    "smooth_band_refined_positive": "RETURNED",
    "nan_gap_threshold": "RETURNED",
    "negative_overlap_threshold": "RETURNED",
    "highest_single_band": "REJECTED",
    "zero_k1_sewing": "RETURNED",
    "zero_single_band_sewing": "RETURNED",
    "nonisolated_loop_routine": "RETURNED"
  },
  "native_sparse_status": [
    "RETURNED",
    "RETURNED",
    "RETURNED",
    "RETURNED",
    "RETURNED",
    "RETURNED"
  ]
}
