PASS spinor_[0.0, 0.0]_[1.0, 0.0]
PASS spinor_[0.0, 0.0]_[0.0, 1.0]
PASS spinor_[0.0, 0.0]_[0.6, 0.8]
PASS spinor_[0.0, 0.0]_[0.5, 0.0]
PASS spinor_[0.4, 0.7]_[1.0, 0.0]
PASS spinor_[0.4, 0.7]_[0.0, 1.0]
PASS spinor_[0.4, 0.7]_[0.6, 0.8]
PASS spinor_[0.4, 0.7]_[0.5, 0.0]
PASS spinor_[-1.2, 0.3]_[1.0, 0.0]
PASS spinor_[-1.2, 0.3]_[0.0, 1.0]
PASS spinor_[-1.2, 0.3]_[0.6, 0.8]
PASS spinor_[-1.2, 0.3]_[0.5, 0.0]
PASS spinor_[3.0, -2.0]_[1.0, 0.0]
PASS spinor_[3.0, -2.0]_[0.0, 1.0]
PASS spinor_[3.0, -2.0]_[0.6, 0.8]
PASS spinor_[3.0, -2.0]_[0.5, 0.0]
PASS spinor_bound_attained
PASS H_derivatives_[0.0, 0.0]_[1.0, 0.0]_0.0
PASS H_derivatives_[0.0, 0.0]_[0.0, 1.0]_0.0
PASS H_derivatives_[0.0, 0.0]_[0.6, 0.8]_0.0
PASS H_derivatives_[0.0, 0.0]_[0.0, 0.0]_1.0
PASS H_derivatives_[0.23, -0.17]_[1.0, 0.0]_0.0
PASS H_derivatives_[0.23, -0.17]_[0.0, 1.0]_0.0
PASS H_derivatives_[0.23, -0.17]_[0.6, 0.8]_0.0
PASS H_derivatives_[0.23, -0.17]_[0.0, 0.0]_1.0
PASS H_derivatives_[0.4, 0.2]_[1.0, 0.0]_0.0
PASS H_derivatives_[0.4, 0.2]_[0.0, 1.0]_0.0
PASS H_derivatives_[0.4, 0.2]_[0.6, 0.8]_0.0
PASS H_derivatives_[0.4, 0.2]_[0.0, 0.0]_1.0
PASS Kato_link_4_0.0_0.05
PASS gauge_covariance_4_0.0_0.05
PASS Kato_link_4_0.0_0.1
PASS gauge_covariance_4_0.0_0.1
PASS Kato_link_4_0.0_0.2
PASS gauge_covariance_4_0.0_0.2
PASS Kato_link_4_0.4_0.05
PASS gauge_covariance_4_0.4_0.05
PASS Kato_link_4_0.4_0.1
PASS gauge_covariance_4_0.4_0.1
PASS Kato_link_4_0.4_0.2
PASS gauge_covariance_4_0.4_0.2
PASS Kato_link_6_0.3_0.05
PASS gauge_covariance_6_0.3_0.05
PASS Kato_link_6_0.3_0.1
PASS gauge_covariance_6_0.3_0.1
PASS Kato_link_6_0.3_0.2
PASS gauge_covariance_6_0.3_0.2
PASS nonzero_general_link_error
PASS exact_geodesic_0.1
PASS exact_geodesic_0.4
PASS exact_geodesic_1.0
PASS orthogonal_endpoint_refused
PASS generic_screen_1_24
PASS generic_screen_1_48
PASS generic_screen_1_96
PASS generic_screen_49_24
PASS generic_screen_49_48
PASS generic_screen_49_96
PASS generic_screen_97_24
PASS generic_screen_97_48
PASS generic_screen_97_96
PASS retained_loop_error_48
PASS retained_loop_error_96
PASS conditional_projector_bound_[0.0, 0.0]
PASS conditional_projector_bound_[0.23, -0.17]
PASS conditional_projector_bound_[0.4, 0.2]
66/66 checks; overall=True
