VOLUME bm coarse pass True cells 207 gap 7.255602958706841 chart 0.6003897568999733
STATION bm coarse 38.0 0.003 T +k pass True temporal_pass True seconds 23.7
STATION bm coarse 38.0 0.0015 T +k pass True temporal_pass True seconds 23.1
STATION bm coarse 38.125 0.003 T +k pass True temporal_pass True seconds 11.3
STATION bm coarse 38.125 0.0015 T +k pass True temporal_pass True seconds 9.9
STATION bm coarse 38.25 0.003 T +k pass True temporal_pass True seconds 11.5
STATION bm coarse 38.25 0.0015 T +k pass True temporal_pass True seconds 11.0
STATION bm coarse 38.375 0.003 T +k pass True temporal_pass True seconds 11.6
STATION bm coarse 38.375 0.0015 T +k pass True temporal_pass True seconds 11.0
STATION bm coarse 38.5 0.003 T +k pass True temporal_pass True seconds 11.4
STATION bm coarse 38.5 0.0015 T +k pass True temporal_pass True seconds 11.0
STATION bm coarse 38.625 0.003 T +k pass True temporal_pass True seconds 11.0
STATION bm coarse 38.625 0.0015 T +k pass True temporal_pass True seconds 10.0
STATION bm coarse 38.75 0.003 T +k pass True temporal_pass True seconds 11.4
STATION bm coarse 38.75 0.0015 T +k pass True temporal_pass True seconds 11.4
STATION bm coarse 38.875 0.003 T +k pass True temporal_pass True seconds 12.5
STATION bm coarse 38.875 0.0015 T +k pass True temporal_pass True seconds 11.0
STATION bm coarse 39.0 0.003 T +k pass True temporal_pass True seconds 22.0
STATION bm coarse 39.0 0.0015 T +k pass True temporal_pass True seconds 21.9
VOLUME bm fine pass True cells 1032 gap 7.494915842481528 chart 0.6055808097207285
STATION bm fine 38.0 0.003 T +k pass True temporal_pass True seconds 27.0
STATION bm fine 38.0 0.0015 T +k pass True temporal_pass True seconds 26.4
STATION bm fine 38.0625 0.003 T +k pass True temporal_pass True seconds 20.0
STATION bm fine 38.0625 0.0015 T +k pass True temporal_pass True seconds 18.3
STATION bm fine 38.125 0.003 T +k pass True temporal_pass True seconds 21.3
STATION bm fine 38.125 0.0015 T +k pass True temporal_pass True seconds 20.6
STATION bm fine 38.1875 0.003 T +k pass True temporal_pass True seconds 21.4
STATION bm fine 38.1875 0.0015 T +k pass True temporal_pass True seconds 20.1
STATION bm fine 38.25 0.003 T +k pass True temporal_pass True seconds 21.5
STATION bm fine 38.25 0.0015 T +k pass True temporal_pass True seconds 19.2
STATION bm fine 38.3125 0.003 T +k pass True temporal_pass True seconds 21.5
STATION bm fine 38.3125 0.0015 T +k pass True temporal_pass True seconds 19.2
STATION bm fine 38.375 0.003 T +k pass True temporal_pass True seconds 20.4
STATION bm fine 38.375 0.0015 T +k pass True temporal_pass True seconds 19.3
STATION bm fine 38.4375 0.003 T +k pass True temporal_pass True seconds 20.7
STATION bm fine 38.4375 0.0015 T +k pass True temporal_pass True seconds 20.0
STATION bm fine 38.5 0.003 T +k pass True temporal_pass True seconds 20.9
STATION bm fine 38.5 0.0015 T +k pass True temporal_pass True seconds 18.9
STATION bm fine 38.5625 0.003 T +k pass True temporal_pass True seconds 20.8
STATION bm fine 38.5625 0.0015 T +k pass True temporal_pass True seconds 19.5
STATION bm fine 38.625 0.003 T +k pass True temporal_pass True seconds 21.5
STATION bm fine 38.625 0.0015 T +k pass True temporal_pass True seconds 18.6
STATION bm fine 38.6875 0.003 T +k pass True temporal_pass True seconds 21.1
STATION bm fine 38.6875 0.0015 T +k pass True temporal_pass True seconds 19.1
STATION bm fine 38.75 0.003 T +k pass True temporal_pass True seconds 22.7
STATION bm fine 38.75 0.0015 T +k pass True temporal_pass True seconds 20.3
STATION bm fine 38.8125 0.003 T +k pass True temporal_pass True seconds 22.0
STATION bm fine 38.8125 0.0015 T +k pass True temporal_pass True seconds 21.3
STATION bm fine 38.875 0.003 T +k pass True temporal_pass True seconds 22.4
STATION bm fine 38.875 0.0015 T +k pass True temporal_pass True seconds 21.3
STATION bm fine 38.9375 0.003 T +k pass True temporal_pass True seconds 21.5
STATION bm fine 38.9375 0.0015 T +k pass True temporal_pass True seconds 20.6
STATION bm fine 39.0 0.003 T +k pass True temporal_pass True seconds 41.4
STATION bm fine 39.0 0.0015 T +k pass True temporal_pass True seconds 42.5
STATUS GUARDED_TEMPORAL_GRID_AND_CONJUGATION_PASS_NOT_FULL_BRAID
