{
  "status": "RECONCILED_TEMPORAL_GRID_AND_CONJUGATION_NOT_FULL_BRAID",
  "all_numerical_checks_pass": true,
  "new_analytic_controls": 10,
  "core_analytic_controls": 8,
  "supplementary_D_axis_controls": 2,
  "reused_parent_analytic_controls": 18,
  "counts": {
    "transported_station_loops": 104,
    "temporal_edges": 2752,
    "base_edges": 48,
    "endpoint_comparisons": 16,
    "volume_leaves": 2478,
    "guarded_edge_leaves": 59632
  },
  "minimum_conditional_estimates": {
    "volume_exterior_gap_meV": 7.255602958706833,
    "volume_chart_smin": 0.6003897568999733,
    "spatial_gap_meV": 0.012585140667234037,
    "temporal_gap_meV": 0.20071193175845276
  },
  "reconstruction_errors": {
    "bounds": 0.0,
    "coordinates": 0.0,
    "frame_lift": 2.334590853969587e-14,
    "unit_quaternion": 2.220446049250313e-16,
    "carried_frame": 0.0,
    "shared_base_frames": 2.4450095743689197e-14,
    "SU2_conjugation": 7.386080586512103e-15,
    "cover_volume_relative": 1.6209256159527285e-14,
    "frame_step_angle": 0.0
  },
  "crossing_D_meV": {
    "bm": 38.07790673717849,
    "ref": 38.077906737177294
  },
  "all_hypotheses_match": true
}
