PASS left_hidden_corner
PASS left_hidden_transport_identity
PASS left_hidden_corrected_index
PASS left_hidden_stokes_both_seams
PASS left_hidden_frame_gauge
PASS left_hidden_collar_matches_edges
PASS left_hidden_canonical_gauge
PASS left_hidden_full_collar_cocycle
PASS left_hidden_full_connection_compatibility
PASS left_hidden_compatible_euler_sign
PASS mixed_corner
PASS mixed_transport_identity
PASS mixed_corrected_index
PASS mixed_stokes_both_seams
PASS mixed_frame_gauge
PASS mixed_collar_matches_edges
PASS mixed_canonical_gauge
PASS mixed_full_collar_cocycle
PASS mixed_full_connection_compatibility
PASS mixed_compatible_euler_sign
PASS zero_class_corner
PASS zero_class_transport_identity
PASS zero_class_corrected_index
PASS zero_class_stokes_both_seams
PASS zero_class_frame_gauge
PASS zero_class_collar_matches_edges
PASS zero_class_canonical_gauge
PASS zero_class_full_collar_cocycle
PASS zero_class_full_connection_compatibility
PASS zero_class_compatible_euler_sign
PASS right_twist_corner
PASS right_twist_transport_identity
PASS right_twist_corrected_index
PASS right_twist_stokes_both_seams
PASS right_twist_frame_gauge
PASS right_twist_collar_matches_edges
PASS right_twist_canonical_gauge
PASS right_twist_full_collar_cocycle
PASS right_twist_full_connection_compatibility
PASS right_twist_compatible_euler_sign
PASS left_integer_hidden_from_raw_scan
PASS joint_counterexample_corner
PASS joint_counterexample_edge1_below_two
PASS joint_counterexample_edge2_below_two
PASS joint_counterexample_changed_class
PASS naive_homotopy_breaks_corner
PASS joint_strict_bound_refuses_counterexample
PASS positive_joint_lift_condition
PASS positive_joint_uniform_bound
PASS finite_jet_matches_at_origin
PASS finite_jet_does_not_close_collar
PASS lipschitz_midpoint_error_bound
PASS exact_interval_positive
PASS exact_interval_negative
PASS exact_interval_zero_width
PASS exact_interval_ambiguous
PASS exact_interval_empty
PASS exact_interval_negative_radius
58/58 checks; overall=True
