{
  "comparisons": {
    "SUMMARY.json": {
      "numeric_leaves": 9,
      "numeric_exact": 9,
      "max_abs_difference": 0.0,
      "differences": [],
      "passed": true
    },
    "ROWS.jsonl": {
      "numeric_leaves": 168,
      "numeric_exact": 157,
      "max_abs_difference": 3.3306690738754696e-16,
      "differences": [],
      "passed": true
    },
    "DIAGNOSTICS.jsonl": {
      "numeric_leaves": 120720,
      "numeric_exact": 120332,
      "max_abs_difference": 8.881784197001252e-16,
      "differences": [],
      "passed": true
    },
    "MODELS.json": {
      "numeric_leaves": 190,
      "numeric_exact": 190,
      "max_abs_difference": 0.0,
      "differences": [],
      "passed": true
    },
    "GEOMETRY.json": {
      "numeric_leaves": 11924,
      "numeric_exact": 11924,
      "max_abs_difference": 0.0,
      "differences": [],
      "passed": true
    },
    "BASIS.json": {
      "numeric_leaves": 99,
      "numeric_exact": 99,
      "max_abs_difference": 0.0,
      "differences": [],
      "passed": true
    },
    "METAMORPHIC.json": {
      "numeric_leaves": 18,
      "numeric_exact": 18,
      "max_abs_difference": 0.0,
      "differences": [],
      "passed": true
    },
    "SUPPLIED_CONTROL_OUTCOMES": {
      "numeric_leaves": 23,
      "numeric_exact": 23,
      "max_abs_difference": 0.0,
      "differences": [],
      "passed": true
    }
  },
  "positive_record_acceptance": true,
  "positive_checks": 51050,
  "checker_regressions": 16,
  "checker_regressions_passing": 16,
  "record_checker_sha256": "b8d2010f2db479af1e1ca9fe5736a4d399a4da42820fc72ccd628fae72321a56",
  "scope": "Record consistency and finite sampled replay; synthetic mutations do not describe observed physics."
}
