PASS screen_1_24
PASS screen_1_48
PASS screen_1_96
PASS screen_49_24
PASS screen_49_48
PASS screen_49_96
PASS screen_97_24
PASS screen_97_48
PASS screen_97_96
PASS polar_arc_0.2
PASS polar_arc_0.7
PASS polar_arc_1.2
PASS polar_arc_2.4
PASS latitude_exact_ODE_0.7
PASS latitude_bound_0.7_12
PASS latitude_bound_0.7_24
PASS latitude_bound_0.7_48
PASS latitude_exact_ODE_1.1
PASS latitude_bound_1.1_12
PASS latitude_bound_1.1_24
PASS latitude_bound_1.1_48
PASS ODE_invariants_-1_0.0
PASS archived_vs_continuous_-1_48_0
PASS archived_vs_continuous_-1_96_0
PASS ODE_invariants_-1_0.25
PASS archived_vs_continuous_-1_48_12
PASS archived_vs_continuous_-1_96_24
PASS ODE_invariants_-1_0.4166666666666667
PASS archived_vs_continuous_-1_48_20
PASS archived_vs_continuous_-1_96_40
PASS ODE_invariants_-1_0.5
PASS archived_vs_continuous_-1_48_24
PASS archived_vs_continuous_-1_96_48
PASS ODE_invariants_-1_0.5833333333333334
PASS archived_vs_continuous_-1_48_28
PASS archived_vs_continuous_-1_96_56
PASS ODE_invariants_-1_0.75
PASS archived_vs_continuous_-1_48_36
PASS archived_vs_continuous_-1_96_72
PASS ODE_invariants_-1_1.0
PASS archived_vs_continuous_-1_48_48
PASS archived_vs_continuous_-1_96_96
PASS ODE_invariants_-3_0.0
PASS archived_vs_continuous_-3_48_0
PASS archived_vs_continuous_-3_96_0
PASS ODE_invariants_-3_0.25
PASS archived_vs_continuous_-3_48_12
PASS archived_vs_continuous_-3_96_24
PASS ODE_invariants_-3_0.4166666666666667
PASS archived_vs_continuous_-3_48_20
PASS archived_vs_continuous_-3_96_40
PASS ODE_invariants_-3_0.5
PASS archived_vs_continuous_-3_48_24
PASS archived_vs_continuous_-3_96_48
PASS ODE_invariants_-3_0.5833333333333334
PASS archived_vs_continuous_-3_48_28
PASS archived_vs_continuous_-3_96_56
PASS ODE_invariants_-3_0.75
PASS archived_vs_continuous_-3_48_36
PASS archived_vs_continuous_-3_96_72
PASS ODE_invariants_-3_1.0
PASS archived_vs_continuous_-3_48_48
PASS archived_vs_continuous_-3_96_96
PASS mesh24_calibrated
PASS mesh24_default
PASS retained_alias_refused_48
PASS retained_alias_refused_96
67/67 checks; overall=True
