PASS profile_endpoint_values
PASS profile_endpoint_jets
PASS profile_analytic_derivative_max
PASS profile_second_derivative_extremum
PASS profile_derivative_integral
PASS principal_angle_0
PASS chord_identity_0
PASS exact_corner_repair_0
PASS uniform_correction_screen_0
PASS covariant_product_rule_0
PASS connection_cost_screen_0
PASS endpoint_gauge_covariance_0
PASS principal_angle_1
PASS chord_identity_1
PASS exact_corner_repair_1
PASS uniform_correction_screen_1
PASS covariant_product_rule_1
PASS connection_cost_screen_1
PASS endpoint_gauge_covariance_1
PASS principal_angle_2
PASS chord_identity_2
PASS exact_corner_repair_2
PASS uniform_correction_screen_2
PASS covariant_product_rule_2
PASS connection_cost_screen_2
PASS endpoint_gauge_covariance_2
PASS principal_angle_3
PASS chord_identity_3
PASS exact_corner_repair_3
PASS uniform_correction_screen_3
PASS covariant_product_rule_3
PASS connection_cost_screen_3
PASS endpoint_gauge_covariance_3
PASS principal_angle_4
PASS chord_identity_4
PASS exact_corner_repair_4
PASS uniform_correction_screen_4
PASS covariant_product_rule_4
PASS connection_cost_screen_4
PASS endpoint_gauge_covariance_4
PASS refuse_reflection
PASS refuse_nonisometry
PASS refuse_antipodal
PASS strip_flux_plus_covariant_seam
PASS strip_variation_screen
PASS twist_corner_-1
PASS twist_all_link_singular_values_-1
PASS twist_compatible_connection_-1
PASS twist_flux_and_backward_sign_-1
PASS twist_corner_0
PASS twist_all_link_singular_values_0
PASS twist_compatible_connection_0
PASS twist_flux_and_backward_sign_0
PASS twist_corner_1
PASS twist_all_link_singular_values_1
PASS twist_compatible_connection_1
PASS twist_flux_and_backward_sign_1
PASS sampled_reference_distance_can_alias
PASS relative_principal_log_periodic
PASS relative_loop_uniform_chord_bound
60/60 checks; overall=True
