ref coarse 0.003 D interval 1 evaluations 292 leaves 179 unresolved 0 seconds 7.9
ref coarse 0.003 D interval 2 evaluations 584 leaves 358 unresolved 0 seconds 15.3
ref coarse 0.003 D interval 3 evaluations 898 leaves 548 unresolved 0 seconds 23.2
ref coarse 0.003 D interval 4 evaluations 1234 leaves 749 unresolved 0 seconds 31.7
ref coarse 0.003 D interval 5 evaluations 1582 leaves 956 unresolved 0 seconds 40.2
ref coarse 0.003 D interval 6 evaluations 1954 leaves 1175 unresolved 0 seconds 49.3
ref coarse 0.003 D interval 7 evaluations 2330 leaves 1396 unresolved 0 seconds 58.5
ref coarse 0.003 D interval 8 evaluations 2718 leaves 1623 unresolved 0 seconds 68.4
CASE ref REF_coarse_r0p003 True 0.0011438776192521122
ref coarse 0.0015 D interval 1 evaluations 300 leaves 183 unresolved 0 seconds 8.0
ref coarse 0.0015 D interval 2 evaluations 604 leaves 368 unresolved 0 seconds 15.8
ref coarse 0.0015 D interval 3 evaluations 932 leaves 565 unresolved 0 seconds 23.8
ref coarse 0.0015 D interval 4 evaluations 1278 leaves 771 unresolved 0 seconds 32.5
ref coarse 0.0015 D interval 5 evaluations 1636 leaves 983 unresolved 0 seconds 42.2
ref coarse 0.0015 D interval 6 evaluations 2016 leaves 1206 unresolved 0 seconds 52.7
ref coarse 0.0015 D interval 7 evaluations 2400 leaves 1431 unresolved 0 seconds 62.6
ref coarse 0.0015 D interval 8 evaluations 2796 leaves 1662 unresolved 0 seconds 73.0
CASE ref REF_coarse_r0p0015 True 0.001077322302990405
ref fine 0.003 D interval 1 evaluations 280 leaves 205 unresolved 0 seconds 7.3
ref fine 0.003 D interval 2 evaluations 560 leaves 410 unresolved 0 seconds 14.5
ref fine 0.003 D interval 3 evaluations 840 leaves 615 unresolved 0 seconds 21.8
ref fine 0.003 D interval 4 evaluations 1120 leaves 820 unresolved 0 seconds 28.9
ref fine 0.003 D interval 5 evaluations 1410 leaves 1030 unresolved 0 seconds 36.2
ref fine 0.003 D interval 6 evaluations 1706 leaves 1243 unresolved 0 seconds 43.6
ref fine 0.003 D interval 7 evaluations 2006 leaves 1458 unresolved 0 seconds 51.4
ref fine 0.003 D interval 8 evaluations 2310 leaves 1675 unresolved 0 seconds 59.4
ref fine 0.003 D interval 9 evaluations 2616 leaves 1893 unresolved 0 seconds 67.0
ref fine 0.003 D interval 10 evaluations 2926 leaves 2113 unresolved 0 seconds 74.6
ref fine 0.003 D interval 11 evaluations 3242 leaves 2336 unresolved 0 seconds 82.7
ref fine 0.003 D interval 12 evaluations 3560 leaves 2560 unresolved 0 seconds 90.7
ref fine 0.003 D interval 13 evaluations 3880 leaves 2785 unresolved 0 seconds 98.9
ref fine 0.003 D interval 14 evaluations 4202 leaves 3011 unresolved 0 seconds 106.7
ref fine 0.003 D interval 15 evaluations 4528 leaves 3239 unresolved 0 seconds 114.3
ref fine 0.003 D interval 16 evaluations 4854 leaves 3467 unresolved 0 seconds 122.6
CASE ref REF_fine_r0p003 True 0.0011395587822497805
ref fine 0.0015 D interval 1 evaluations 282 leaves 206 unresolved 0 seconds 7.4
ref fine 0.0015 D interval 2 evaluations 566 leaves 413 unresolved 0 seconds 14.6
ref fine 0.0015 D interval 3 evaluations 850 leaves 620 unresolved 0 seconds 22.2
ref fine 0.0015 D interval 4 evaluations 1138 leaves 829 unresolved 0 seconds 29.7
ref fine 0.0015 D interval 5 evaluations 1432 leaves 1041 unresolved 0 seconds 38.1
ref fine 0.0015 D interval 6 evaluations 1736 leaves 1258 unresolved 0 seconds 46.3
ref fine 0.0015 D interval 7 evaluations 2042 leaves 1476 unresolved 0 seconds 54.3
ref fine 0.0015 D interval 8 evaluations 2350 leaves 1695 unresolved 0 seconds 63.0
ref fine 0.0015 D interval 9 evaluations 2660 leaves 1915 unresolved 0 seconds 70.8
ref fine 0.0015 D interval 10 evaluations 2974 leaves 2137 unresolved 0 seconds 79.2
ref fine 0.0015 D interval 11 evaluations 3294 leaves 2362 unresolved 0 seconds 87.5
ref fine 0.0015 D interval 12 evaluations 3616 leaves 2588 unresolved 0 seconds 95.8
ref fine 0.0015 D interval 13 evaluations 3940 leaves 2815 unresolved 0 seconds 103.9
ref fine 0.0015 D interval 14 evaluations 4264 leaves 3042 unresolved 0 seconds 112.2
ref fine 0.0015 D interval 15 evaluations 4594 leaves 3272 unresolved 0 seconds 120.1
ref fine 0.0015 D interval 16 evaluations 4924 leaves 3502 unresolved 0 seconds 128.6
CASE ref REF_fine_r0p0015 True 0.0015791340556740058
STATUS FULL_DECLARED_SURFACE_ISOLATION_PASS_CONDITIONAL
