FOLD bm 1e-05 40.38721652857314 0.0 True
FOLD bm 5e-06 40.38721652857314 0.0 True
FOLD bm 2.5e-06 40.38721652857314 0.0 True
SWEEP bm forward 40.0 2
SWEEP bm forward 40.05 2
SWEEP bm forward 40.1 2
SWEEP bm forward 40.15 2
SWEEP bm forward 40.2 2
SWEEP bm forward 40.25 2
SWEEP bm forward 40.26 2
SWEEP bm forward 40.27 2
SWEEP bm forward 40.28 2
SWEEP bm forward 40.29 2
SWEEP bm forward 40.3 2
SWEEP bm forward 40.31 2
SWEEP bm forward 40.32 2
SWEEP bm forward 40.33 2
SWEEP bm forward 40.34 2
SWEEP bm forward 40.35 2
SWEEP bm forward 40.36 2
SWEEP bm forward 40.37 2
SWEEP bm forward 40.38 2
SWEEP bm forward 40.39 0
SWEEP bm forward 40.4 0
SWEEP bm forward 40.41 0
SWEEP bm forward 40.42 0
SWEEP bm forward 40.43 0
SWEEP bm forward 40.44 0
SWEEP bm forward 40.45 0
SWEEP bm forward 40.5 0
SWEEP bm reverse 40.5 0
SWEEP bm reverse 40.45 0
SWEEP bm reverse 40.44 0
SWEEP bm reverse 40.43 0
SWEEP bm reverse 40.42 0
SWEEP bm reverse 40.41 0
SWEEP bm reverse 40.4 0
SWEEP bm reverse 40.39 0
SWEEP bm reverse 40.38 2
SWEEP bm reverse 40.37 2
SWEEP bm reverse 40.36 2
SWEEP bm reverse 40.35 2
SWEEP bm reverse 40.34 2
SWEEP bm reverse 40.33 2
SWEEP bm reverse 40.32 2
SWEEP bm reverse 40.31 2
SWEEP bm reverse 40.3 2
SWEEP bm reverse 40.29 2
SWEEP bm reverse 40.28 2
SWEEP bm reverse 40.27 2
SWEEP bm reverse 40.26 2
SWEEP bm reverse 40.25 2
SWEEP bm reverse 40.2 2
SWEEP bm reverse 40.15 2
SWEEP bm reverse 40.1 2
SWEEP bm reverse 40.05 2
SWEEP bm reverse 40.0 2
LOOP bm 40.0 0.2 128 [0.9999999999999997, -1.0] [0.46777371215738706, 0.5574198857094399]
LOOP bm 40.0 0.2 256 [1.0000000000000002, -1.0000000000000002] [0.24269404926952243, 0.2931307961932563]
LOOP bm 40.0 0.1 128 [1.0000000000000002, -1.0000000000000007] [0.40262585594434497, 0.5319238571171983]
LOOP bm 40.0 0.1 256 [1.0000000000000002, -1.0000000000000002] [0.20923600981513624, 0.26795837539080763]
LOOP bm 40.37721652857314 0.2 1024 [1.0000000000000009, -1.0000000000000009] [0.40146656566142314, 0.411293916456222]
LOOP bm 40.37721652857314 0.2 2048 [0.9999999999999997, -1.0000000000000002] [0.20149561382691283, 0.2090120384585601]
LOOP bm 40.37721652857314 0.1 1024 [0.9999999999999989, -0.9999999999999988] [0.35051510940726427, 0.36015282329169973]
LOOP bm 40.37721652857314 0.1 2048 [0.9999999999999978, -0.9999999999999996] [0.17924679318883863, 0.18574674200772745]
ENCLOSING bm 40.0 1024 3.1802095691933927e-16 0.18814454894332888
ENCLOSING bm 40.0 2048 5.65449198984798e-16 0.09456418107622076
ENCLOSING bm 40.5 128 1.7669748230352872e-16 0.5713403628272189
ENCLOSING bm 40.5 256 -1.4080580621062443e-16 0.30512757153498304
MINIMUM bm 40.39721652857314 [0.002058371385320612, 0.0020583713853028485, 0.002058371385270874] [7.423315829328187e-09, 2.155275716056403e-09, 2.035326282165333e-09] [True, True, True]
MINIMUM bm 40.43721652857314 [0.010293955592832305, 0.010293955592160842, 0.010293955592235449] [3.0763473990305456e-10, 1.3754195537518846e-11, 6.232829601773188e-10] [True, True, True]
MINIMUM bm 40.5 [0.023227181194641844, 0.02322718119454592, 0.023227181194396707] [9.107821938896636e-11, 2.1673617410804338e-11, 2.0718779463567195e-10] [True, True, True]
