FOLD ref 1e-05 40.38721652857273 0.0 True
FOLD ref 5e-06 40.38721652857273 5.044853423896711e-13 True
FOLD ref 2.5e-06 40.38721652857273 5.044853423896711e-13 True
SWEEP ref forward 40.0 2
SWEEP ref forward 40.05 2
SWEEP ref forward 40.1 2
SWEEP ref forward 40.15 2
SWEEP ref forward 40.2 2
SWEEP ref forward 40.25 2
SWEEP ref forward 40.26 2
SWEEP ref forward 40.27 2
SWEEP ref forward 40.28 2
SWEEP ref forward 40.29 2
SWEEP ref forward 40.3 2
SWEEP ref forward 40.31 2
SWEEP ref forward 40.32 2
SWEEP ref forward 40.33 2
SWEEP ref forward 40.34 2
SWEEP ref forward 40.35 2
SWEEP ref forward 40.36 2
SWEEP ref forward 40.37 2
SWEEP ref forward 40.38 2
SWEEP ref forward 40.39 0
SWEEP ref forward 40.4 0
SWEEP ref forward 40.41 0
SWEEP ref forward 40.42 0
SWEEP ref forward 40.43 0
SWEEP ref forward 40.44 0
SWEEP ref forward 40.45 0
SWEEP ref forward 40.5 0
SWEEP ref reverse 40.5 0
SWEEP ref reverse 40.45 0
SWEEP ref reverse 40.44 0
SWEEP ref reverse 40.43 0
SWEEP ref reverse 40.42 0
SWEEP ref reverse 40.41 0
SWEEP ref reverse 40.4 0
SWEEP ref reverse 40.39 0
SWEEP ref reverse 40.38 2
SWEEP ref reverse 40.37 2
SWEEP ref reverse 40.36 2
SWEEP ref reverse 40.35 2
SWEEP ref reverse 40.34 2
SWEEP ref reverse 40.33 2
SWEEP ref reverse 40.32 2
SWEEP ref reverse 40.31 2
SWEEP ref reverse 40.3 2
SWEEP ref reverse 40.29 2
SWEEP ref reverse 40.28 2
SWEEP ref reverse 40.27 2
SWEEP ref reverse 40.26 2
SWEEP ref reverse 40.25 2
SWEEP ref reverse 40.2 2
SWEEP ref reverse 40.15 2
SWEEP ref reverse 40.1 2
SWEEP ref reverse 40.05 2
SWEEP ref reverse 40.0 2
LOOP ref 40.0 0.2 128 [1.0000000000000004, -1.0] [0.4677737121631689, 0.5574198857166726]
LOOP ref 40.0 0.2 256 [0.9999999999999999, -1.0] [0.242694049274377, 0.29313079620017723]
LOOP ref 40.0 0.1 128 [1.0, -0.9999999999999994] [0.40262585594371214, 0.5319238571164129]
LOOP ref 40.0 0.1 256 [0.9999999999999997, -1.0000000000000002] [0.20923600982003432, 0.26795837539986667]
LOOP ref 40.37721652857273 0.2 1024 [0.9999999999999989, -0.9999999999999989] [0.40146656601185615, 0.41129391628025047]
LOOP ref 40.37721652857273 0.2 2048 [1.0, -1.000000000000001] [0.20149561408966044, 0.20901203802885382]
LOOP ref 40.37721652857273 0.1 1024 [1.000000000000001, -1.0] [0.35051510956559184, 0.3601528235215101]
LOOP ref 40.37721652857273 0.1 2048 [0.9999999999999994, -1.0000000000000009] [0.1792467934390887, 0.1857467414478322]
ENCLOSING ref 40.0 1024 -6.361454475197157e-16 0.18814454894276778
ENCLOSING ref 40.0 2048 1.1308466311290775e-15 0.09456418108062858
ENCLOSING ref 40.5 128 3.4787316828507216e-17 0.571340362825426
ENCLOSING ref 40.5 256 7.067899292141149e-17 0.30512757153491665
MINIMUM ref 40.39721652857273 [0.002058371385938784, 0.002058371385952995, 0.002058371385285085] [7.561598051665293e-09, 9.695013235273968e-10, 8.207655674642357e-09] [True, True, True]
MINIMUM ref 40.437216528572726 [0.010293955592118209, 0.010293955592167947, 0.010293955592501902] [8.315626438399933e-10, 5.47033952330367e-10, 4.0851320817034224e-10] [True, True, True]
MINIMUM ref 40.5 [0.023227181195153435, 0.023227181194354074, 0.02322718119517475] [2.6874286636964487e-10, 1.807766074941351e-10, 2.0271257310576385e-09] [True, True, True]
