PASS variation_screen_fold1_mesh48
PASS variation_screen_fold1_mesh96
PASS variation_screen_fold49_mesh48
PASS variation_screen_fold49_mesh96
PASS variation_screen_fold97_mesh48
PASS variation_screen_fold97_mesh96
PASS nested_alias_grid_identity_48
PASS nested_alias_false_acceptance_48
PASS nested_alias_grid_identity_96
PASS nested_alias_false_acceptance_96
PASS projected_assembly_[0.0, 0.0]
PASS local_model_bound_[0.0, 0.0]_0.001
PASS local_model_bound_[0.0, 0.0]_0.1
PASS projected_assembly_[0.23, -0.17]
PASS local_model_bound_[0.23, -0.17]_0.001
PASS local_model_bound_[0.23, -0.17]_0.1
PASS projected_assembly_[0.4, 0.2]
PASS local_model_bound_[0.4, 0.2]_0.001
PASS local_model_bound_[0.4, 0.2]_0.1
PASS small_cells_isolated
PASS large_cells_not_certified
21/21 checks; overall=True
