{
  "status": "RECONCILED_LOCAL_FRAME_CHARGES_NOT_FULL_BRAID",
  "all_checks_pass": true,
  "analytic_controls": 18,
  "case_count": 16,
  "primitive_loops": 32,
  "composite_loops": 48,
  "reconstruction_errors": {
    "lift_matrix": 7.521760991835436e-15,
    "bound_reconstruction": 0.0,
    "word_SU2": 3.586024531803147e-15,
    "sample_coordinates": 0.0,
    "quaternion_norm": 2.220446049250313e-16
  },
  "minimum_region_exterior_lower_meV": 15.988697719138658,
  "minimum_region_chart_smin_lower": 0.8030584379363213,
  "minimum_contour_gap_lower_meV": 0.03854456113069783,
  "maximum_lift_cross_check_error": 3.593333408483877e-15,
  "maximum_Q8_distance": 3.0589834307290696e-15,
  "all_hypotheses_match": true,
  "sample_points_including_reused_endpoints": 12956
}
