RECONSTRUCTED bm
RECONSTRUCTED ref
{
  "status": "RECONCILED_CONDITIONAL_LOCAL_CONTINUATION_PASS",
  "all_checks_pass": true,
  "analytic_controls": 8,
  "distinct_centers": 204,
  "totals": {
    "interval_attempts": 188,
    "accepted_leaves": 166,
    "failed_parents_retained": 22,
    "point_certificates": 178,
    "endpoint_containments": 332,
    "separation_checks": 188
  },
  "extrema": {
    "maximum_q": 0.4678186228399052,
    "maximum_self_map": 0.7178186228399053,
    "minimum_Gfull_meV": 8.377976604306275,
    "minimum_join_margin": [
      6.931665500985452e-06,
      3.4840076678813683e-06,
      0.0006566551719102027
    ],
    "maximum_tube_radius": [
      5.370749687446568e-05,
      0.00010324277714009986,
      0.005208198655745817
    ]
  },
  "campaign_details": [
    {
      "engine": "bm",
      "initial_intervals": 8,
      "node": "p",
      "attempts": 8,
      "accepted_leaves": 8,
      "failed_parents": 0,
      "min_interval_width_meV": 0.125,
      "maximum_q": 0.11302028565519104
    },
    {
      "engine": "bm",
      "initial_intervals": 8,
      "node": "q",
      "attempts": 8,
      "accepted_leaves": 8,
      "failed_parents": 0,
      "min_interval_width_meV": 0.125,
      "maximum_q": 0.11260161976938002
    },
    {
      "engine": "bm",
      "initial_intervals": 8,
      "node": "upper",
      "attempts": 26,
      "accepted_leaves": 17,
      "failed_parents": 9,
      "min_interval_width_meV": 0.03125,
      "maximum_q": 0.4496355753856072
    },
    {
      "engine": "bm",
      "initial_intervals": 16,
      "node": "p",
      "attempts": 16,
      "accepted_leaves": 16,
      "failed_parents": 0,
      "min_interval_width_meV": 0.0625,
      "maximum_q": 0.051572701850624535
    },
    {
      "engine": "bm",
      "initial_intervals": 16,
      "node": "q",
      "attempts": 16,
      "accepted_leaves": 16,
      "failed_parents": 0,
      "min_interval_width_meV": 0.0625,
      "maximum_q": 0.051342548644726045
    },
    {
      "engine": "bm",
      "initial_intervals": 16,
      "node": "upper",
      "attempts": 18,
      "accepted_leaves": 17,
      "failed_parents": 1,
      "min_interval_width_meV": 0.03125,
      "maximum_q": 0.4496355753856072
    },
    {
      "engine": "ref",
      "initial_intervals": 8,
      "node": "p",
      "attempts": 8,
      "accepted_leaves": 8,
      "failed_parents": 0,
      "min_interval_width_meV": 0.125,
      "maximum_q": 0.11300127387900412
    },
    {
      "engine": "ref",
      "initial_intervals": 8,
      "node": "q",
      "attempts": 8,
      "accepted_leaves": 8,
      "failed_parents": 0,
      "min_interval_width_meV": 0.125,
      "maximum_q": 0.11119868712927715
    },
    {
      "engine": "ref",
      "initial_intervals": 8,
      "node": "upper",
      "attempts": 28,
      "accepted_leaves": 18,
      "failed_parents": 10,
      "min_interval_width_meV": 0.03125,
      "maximum_q": 0.4678186228399052
    },
    {
      "engine": "ref",
      "initial_intervals": 16,
      "node": "p",
      "attempts": 16,
      "accepted_leaves": 16,
      "failed_parents": 0,
      "min_interval_width_meV": 0.0625,
      "maximum_q": 0.05163276002506448
    },
    {
      "engine": "ref",
      "initial_intervals": 16,
      "node": "q",
      "attempts": 16,
      "accepted_leaves": 16,
      "failed_parents": 0,
      "min_interval_width_meV": 0.0625,
      "maximum_q": 0.051257528692077454
    },
    {
      "engine": "ref",
      "initial_intervals": 16,
      "node": "upper",
      "attempts": 20,
      "accepted_leaves": 18,
      "failed_parents": 2,
      "min_interval_width_meV": 0.03125,
      "maximum_q": 0.4678186228399052
    }
  ],
  "native_maximum_errors_meV": {
    "matrix": 2.501269345547004e-12,
    "spectrum": 1.2221335055073723e-12,
    "gap": 1.964650664376677e-12
  },
  "maximum_cross_engine_position_difference_at_common_centers": 1.587618925213974e-14,
  "cross_engine_common_center_pairs": 101,
  "centers_without_same_D_node_in_other_engine": [
    "ref_upper_38.890625000000",
    "ref_upper_38.921875000000"
  ],
  "scope": "Conditional floating-point local existence, uniqueness and continuation only inside the declared tubes at N8 and fixed strain with constant tunnelling. Numerical norm/eigensolution allowances are not outward-rounded error enclosures. No global root inventory, complete braid, Euler-class change, physical validation, novelty or infinite-cutoff claim. The two engines share this diagnostic framework."
}
