resume_rejects_cutoff_grid_and_solver_changes True
source_binding_changes_rejected True
failed_state_retried_then_success_skipped True
retry_budget_is_bounded True
partial_tail_quarantined_before_append True
retry_after_tail_remains_parseable True
complete_final_record_gets_newline True
interior_corruption_refuses_mutation True
complete_record_hash_tampering_rejected True
second_writer_rejected True
supporting_line_outside_segment_rejected True
all_scalar_trials_stay_in_bracket True
exhaustion_keeps_requested_tolerance True
seed_cutoff_inherited_and_mismatch_rejected True
seed_model_mismatch_rejected True
total_cost_includes_endpoints True
failed_measurement_work_retained True
same_sign_no_root_not_accepted True
trace_persists_stopping_reason True
radial_trace_stops_on_basis_change True
fixed_basis_rebuild_matches_native_and_submatrix True
invalid_index_set_rejected True
grid_plus_tracked_seeds_recovers_known_node True
two_process_sweep_and_resume_smoke True
TOTAL 24
