CANDIDATE 0 radial bm candidate 38.077897767811855 1.0
CANDIDATE 0 radial ref candidate 38.077897767811855 2.0
CANDIDATE 0 union bm candidate 38.077897767811855 2.7
CANDIDATE 0 union ref candidate 38.077897767811855 3.6
CANDIDATE 0 intersection bm candidate 38.0778855607806 6.8
CANDIDATE 0 intersection ref candidate 38.0778855607806 10.5
CANDIDATE 1 radial bm candidate 38.82261646333207 14.5
CANDIDATE 1 radial ref candidate 38.82261646333207 18.4
CANDIDATE 1 union bm candidate 38.822628670363315 22.9
CANDIDATE 1 union ref candidate 38.822628670363315 26.5
CANDIDATE 1 intersection bm candidate 38.82261646333207 29.6
CANDIDATE 1 intersection ref candidate 38.82261646333207 32.7
CANDIDATE 2 radial bm candidate 39.58584101822728 33.4
CANDIDATE 2 radial ref candidate 39.58584101822728 34.3
CANDIDATE 2 union bm candidate 39.58585322525853 38.0
CANDIDATE 2 union ref candidate 39.58585322525853 41.4
CANDIDATE 2 intersection bm candidate 39.58584101822728 42.3
CANDIDATE 2 intersection ref candidate 39.58584101822728 43.1
CANDIDATE 3 radial bm candidate 41.166993917308005 43.9
CANDIDATE 3 radial ref candidate 41.166993917308005 44.7
CANDIDATE 3 union bm candidate 41.1670068872787 49.1
CANDIDATE 3 union ref candidate 41.1670068872787 53.4
CANDIDATE 3 intersection bm candidate 41.166993917308005 54.5
CANDIDATE 3 intersection ref candidate 41.166993917308005 55.3
CANDIDATE 4 radial bm candidate 42.81996511660628 56.2
CANDIDATE 4 radial ref candidate 42.81996511660628 57.1
CANDIDATE 4 union bm candidate 42.81997884951644 61.3
CANDIDATE 4 union ref candidate 42.81997884951644 65.4
CANDIDATE 4 intersection bm candidate 42.81996511660628 66.5
CANDIDATE 4 intersection ref candidate 42.81996511660628 67.6
TRACE bm sampled_trace_completed declared_stations_completed 86.5
TRACE ref sampled_trace_completed declared_stations_completed 104.8
STATUS SAMPLED_COMMON_BASIS_CHECKS_COMPLETED
