{
  "scope": "N4 recorded endpoint lower gap, two public-helper configurations; not a global completeness proof",
  "rows": [
    {
      "kinetic": "full",
      "N": 4,
      "grid": 18,
      "keep": 4,
      "helper_gap": 23.048973923313454,
      "accepted_gap": 23.03669105510484,
      "difference": 0.012282868208615128
    },
    {
      "kinetic": "full",
      "N": 4,
      "grid": 15,
      "keep": 3,
      "helper_gap": 23.048973923313255,
      "accepted_gap": 23.03669105510484,
      "difference": 0.012282868208416176
    },
    {
      "kinetic": "lab_nn_full",
      "N": 4,
      "grid": 18,
      "keep": 4,
      "helper_gap": 23.042178618389514,
      "accepted_gap": 23.02919135160227,
      "difference": 0.012987266787241936
    },
    {
      "kinetic": "lab_nn_full",
      "N": 4,
      "grid": 15,
      "keep": 3,
      "helper_gap": 23.0421786183895,
      "accepted_gap": 23.02919135160227,
      "difference": 0.012987266787227725
    }
  ],
  "seconds": 20.86742663383484
}
