ref_lab 4 0.99 SAME X1 offset 0.0032093982086133337
ref_lab 4 0.991 OPPOSITE X1 offset -0.0023169675289457883
ref_lab 4 0.992 OPPOSITE X1 offset -0.006577357510602791
ref_lab 4 0.993 OPPOSITE X1 offset -0.01013634271450824
ref_lab 4 0.994 OPPOSITE X1 offset -0.013234795112657424
ref_lab 4 0.995 OPPOSITE X1 offset -0.016001891334302742
ref_lab 4 0.996 OPPOSITE X1 offset -0.018516358684467663
ref_lab 4 0.997 OPPOSITE X1 offset -0.020830328465674598
ref_lab 4 0.998 OPPOSITE X1 offset -0.022980398379927023
ref_lab 4 0.999 OPPOSITE X1 offset -0.02499339949899372
ref_lab 4 1.0 OPPOSITE X1 offset -0.02688966697461796
FINAL second ref_lab 4 ACCEPT 52.998592138290405
ref_lab 4 first_ann FOLD -0.7133867357918164 [0.6361625518792002, 0.8357071383062986]
ref_lab 4 first_ann GAPPED -0.7143867357918164 0.006778265742685363
ref_lab 4 first_ann GAPPED -0.74 0.16479581481457117
FINAL first_ann ref_lab 4 ACCEPT 25.53055477142334
ref_lab 4 bridge lower 30.800159089866668
ref_lab 4 bridge flat 1.4085514098891956
ref_lab 4 bridge upper 1.0649736813302937
ref_lab 4 bridge next 7.870545287492291
ref_lab 4 bridge outer_lower 31.20595386109143
FINAL bridge ref_lab 4 ACCEPT 15.419890403747559
ref_lab 4 endpoint lower 23.02919135160227
ref_lab 4 endpoint flat 2.8699238446081115
ref_lab 4 endpoint upper 3.335359139744064
ref_lab 4 endpoint next 10.821605530243687
ref_lab 4 endpoint outer_lower 33.61120735701215
FINAL endpoint ref_lab 4 ACCEPT 12.077202796936035
FINAL post_transfer ref_lab 4 ACCEPT 3.131314516067505
ref_lab 6 0.99 SAME X1 offset 0.004789401962419414
ref_lab 6 0.991 OPPOSITE X1 offset -0.0012061490621662735
ref_lab 6 0.992 OPPOSITE X1 offset -0.005688751069098178
ref_lab 6 0.993 OPPOSITE X1 offset -0.009383879838267366
ref_lab 6 0.994 OPPOSITE X1 offset -0.012576759213504542
ref_lab 6 0.995 OPPOSITE X1 offset -0.01541440102760742
ref_lab 6 0.996 OPPOSITE X1 offset -0.017984277374500143
ref_lab 6 0.997 OPPOSITE X1 offset -0.020343380163661596
ref_lab 6 0.998 OPPOSITE X1 offset -0.022531256349508467
ref_lab 6 0.999 OPPOSITE X1 offset -0.024576647823898345
ref_lab 6 1.0 OPPOSITE X1 offset -0.026501193594698807
FINAL second ref_lab 6 ACCEPT 247.7334463596344
ref_lab 6 first_ann FOLD -0.7133142594263037 [0.6362044287720335, 0.8356097684450715]
ref_lab 6 first_ann GAPPED -0.7143142594263037 0.006769126087776911
ref_lab 6 first_ann GAPPED -0.74 0.16491365712491302
FINAL first_ann ref_lab 6 ACCEPT 131.85587573051453
ref_lab 6 bridge lower 30.942839091527915
ref_lab 6 bridge flat 1.3245996935960278
ref_lab 6 bridge upper 1.124265916112499
ref_lab 6 bridge next 7.902275960834032
ref_lab 6 bridge outer_lower 30.989073331631033
FINAL bridge ref_lab 6 ACCEPT 72.35711884498596
ref_lab 6 endpoint lower 23.1813478719654
ref_lab 6 endpoint flat 2.7767262481843744
ref_lab 6 endpoint upper 3.3924978114562947
ref_lab 6 endpoint next 10.856087168577602
ref_lab 6 endpoint outer_lower 33.36440218664734
FINAL endpoint ref_lab 6 ACCEPT 65.00387358665466
FINAL post_transfer ref_lab 6 ACCEPT 15.217707395553589
