ref_lab 4 PRIMARY 0 of 18 start  SAME gap 19.913909733960743 seconds 3.2
ref_lab 4 PRIMARY 1 of 18 A 0.025 SAME gap 20.411841083941326 seconds 2.67
ref_lab 4 PRIMARY 2 of 18 A 0.05 SAME gap 21.313181240842685 seconds 2.58
ref_lab 4 PRIMARY 3 of 18 A 0.07500000000000001 SAME gap 22.442453551844217 seconds 2.83
ref_lab 4 PRIMARY 4 of 18 A 0.1 SAME gap 23.61912827930965 seconds 2.82
ref_lab 4 PRIMARY 5 of 18 A 0.125 SAME gap 24.697469210996815 seconds 2.48
ref_lab 4 PRIMARY 6 of 18 A 0.15000000000000002 SAME gap 25.521412652148875 seconds 2.53
ref_lab 4 PRIMARY 7 of 18 A 0.17500000000000002 SAME gap 25.925188999540293 seconds 2.61
ref_lab 4 PRIMARY 8 of 18 A 0.2 SAME gap 26.10004381717367 seconds 2.47
ref_lab 4 PRIMARY 9 of 18 B -0.025 SAME gap 24.473022027951526 seconds 2.73
ref_lab 4 PRIMARY 10 of 18 B -0.05 SAME gap 22.892191093254105 seconds 2.62
ref_lab 4 PRIMARY 11 of 18 B -0.07500000000000001 SAME gap 20.84117399804954 seconds 2.65
ref_lab 4 PRIMARY 12 of 18 B -0.1 SAME gap 18.495790641335166 seconds 2.61
ref_lab 4 PRIMARY 13 of 18 B -0.125 SAME gap 16.029905810395864 seconds 2.64
ref_lab 4 PRIMARY 14 of 18 B -0.15000000000000002 SAME gap 13.529770543328087 seconds 2.69
ref_lab 4 PRIMARY 15 of 18 B -0.17500000000000002 SAME gap 11.03525220857177 seconds 2.75
ref_lab 4 PRIMARY 16 of 18 B -0.2 SAME gap 8.565449437011978 seconds 2.95
ref_lab 4 PRIMARY 17 of 18 B -0.225 SAME gap 6.130778495971757 seconds 2.58
ref_lab 4 PRIMARY 18 of 18 B -0.25 SAME gap 3.738597271311278 seconds 2.67
{
  "status": "ACCEPT",
  "engine": "ref_lab",
  "N": 4,
  "protocol_sha256": "46afff62966a9a6c5ae9a96d2d3c3b513045f93b63778d4f3570f76239483435",
  "states": 19,
  "fresh_start": true,
  "forbidden_calls": {
    "BM.refine": 0,
    "BM.find_nodes": 0,
    "BM.min_remote": 0,
    "euler.real_frame": 0,
    "euler.euler": 0,
    "braid.real_frame": 0,
    "braid.node_winding": 0,
    "braid.transport": 0,
    "braid.adjacent_nodes": 0,
    "knobs.analyse": 0,
    "TBG.refine": 0
  },
  "scope": "Dynamic call exclusion for this complete preparation route only",
  "seconds": 51.11767768859863
}
