$ OPENBLAS_NUM_THREADS=1 python docs/boundary-review/check.py --output docs/boundary-review/RESULTS.json
PASS commuting_maps_c0.5
PASS corner_defect_nonzero_c0.5
PASS exact_image_epsilon_le_lambda_c0.5
PASS epsilon_le_sqrt2lambda_c0.5
PASS telescoping_bound_c0.5
PASS commuting_maps_c0.95
PASS corner_defect_nonzero_c0.95
PASS exact_image_epsilon_le_lambda_c0.95
PASS epsilon_le_sqrt2lambda_c0.95
PASS telescoping_bound_c0.95
PASS c095_passes_0.05_sewing_gate
PASS orthogonal_commuting_control_closes
PASS projected_residual_zero
PASS offtarget_mismatch_nonzero
PASS sewing_loss_small
PASS complementary_residual_detects
PASS sylvester_bound_random
17/17 checks; overall=True
[returncode 0]
