PASS sphere_m-1_mesh48
PASS sphere_m-1_mesh48_strict_reference
PASS sphere_m-1_mesh96
PASS sphere_m-1_mesh96_strict_reference
PASS sphere_m-3_mesh48
PASS sphere_m-3_mesh48_strict_reference
PASS sphere_m-3_mesh96
PASS sphere_m-3_mesh96_strict_reference
PASS gauge_oriented
PASS gauge_reflected
PASS gauge_SO2
PASS reflection_reverses_raw_winding
PASS SO2_preserves_raw_winding
PASS coarse_axis1_links_refused
PASS coarse_axis2_links_refused
PASS coarse_transverse_phase_refused
PASS mobius_axis1_refused
PASS mobius_axis2_refused
PASS complex_H_refused
PASS external_gap_closure_refused
PASS wrong_sewing_refused
PASS strict_reference_5_48_refused
PASS strict_reference_48_24_refused
PASS alias_witness_grid_identity
PASS alias_witness_pass_is_not_truth
PASS degenerate_pair_node_charge_refused
26/26 checks; overall=True
