{
  "passed": true,
  "checks": 47,
  "failed": [],
  "bundle_results": [
    {
      "m": -1,
      "mesh": 48,
      "degree": 0.9999999999999979,
      "other_diagonal_degree": 0.9999999999999978,
      "euler_from_degree": 1.9999999999999958,
      "winding": 2.0,
      "min_overlap_singular_value": 0.9914448613738103,
      "max_phase_step": 0.8144090366357508,
      "max_det_error": 7.993605777301127e-15
    },
    {
      "m": -1,
      "mesh": 96,
      "degree": 0.9999999999999963,
      "other_diagonal_degree": 0.9999999999999966,
      "euler_from_degree": 1.9999999999999927,
      "winding": 2.0,
      "min_overlap_singular_value": 0.9978589232386034,
      "max_phase_step": 0.4102110980899001,
      "max_det_error": 9.547918011776346e-15
    },
    {
      "m": -3,
      "mesh": 48,
      "degree": -3.463201630695138e-17,
      "other_diagonal_degree": -3.455436604617346e-17,
      "euler_from_degree": -6.926403261390275e-17,
      "winding": 0.0,
      "min_overlap_singular_value": 0.9917291165618305,
      "max_phase_step": 0.06855648533076049,
      "max_det_error": 7.549516567451064e-15
    },
    {
      "m": -3,
      "mesh": 96,
      "degree": -9.115924920158733e-17,
      "other_diagonal_degree": 3.3829630278912896e-17,
      "euler_from_degree": -1.8231849840317466e-16,
      "winding": 0.0,
      "min_overlap_singular_value": 0.9978771237079924,
      "max_phase_step": 0.03515541925362964,
      "max_det_error": 1.2212453270876722e-14
    }
  ],
  "spectral": {
    "trace_max_difference": 2.220446049250313e-14,
    "probe_max_difference": 3.178014039374907,
    "covariant_probe_residual": 3.0531133177191805e-16,
    "untransformed_probe_difference": 0.3432409878596921
  },
  "mobius": {
    "determinant": -1.0,
    "external_gap": 2.0,
    "min_link_singular_value": 0.9998778569406529
  }
}
